Component: ARM Compiler 5.06 update 5 (build 528) Tool: armlink [4d35e2]

==============================================================================

Image Symbol Table

    Local Symbols

    Symbol Name                              Value     Ov Type        Size  Object(Section)

    ../clib/../cmprslib/zerorunl2.c          0x00000000   Number         0  __dczerorl2.o ABSOLUTE
    ../clib/microlib/division.c              0x00000000   Number         0  uidiv.o ABSOLUTE
    ../clib/microlib/division.c              0x00000000   Number         0  uldiv.o ABSOLUTE
    ../clib/microlib/errno.c                 0x00000000   Number         0  errno.o ABSOLUTE
    ../clib/microlib/init/entry.s            0x00000000   Number         0  entry10b.o ABSOLUTE
    ../clib/microlib/init/entry.s            0x00000000   Number         0  entry8b.o ABSOLUTE
    ../clib/microlib/init/entry.s            0x00000000   Number         0  entry7b.o ABSOLUTE
    ../clib/microlib/init/entry.s            0x00000000   Number         0  entry2.o ABSOLUTE
    ../clib/microlib/init/entry.s            0x00000000   Number         0  entry9a.o ABSOLUTE
    ../clib/microlib/init/entry.s            0x00000000   Number         0  entry11a.o ABSOLUTE
    ../clib/microlib/init/entry.s            0x00000000   Number         0  entry9b.o ABSOLUTE
    ../clib/microlib/init/entry.s            0x00000000   Number         0  entry10a.o ABSOLUTE
    ../clib/microlib/init/entry.s            0x00000000   Number         0  entry11b.o ABSOLUTE
    ../clib/microlib/init/entry.s            0x00000000   Number         0  entry.o ABSOLUTE
    ../clib/microlib/init/entry.s            0x00000000   Number         0  entry5.o ABSOLUTE
    ../clib/microlib/init/entry.s            0x00000000   Number         0  entry8a.o ABSOLUTE
    ../clib/microlib/init/entry.s            0x00000000   Number         0  entry7a.o ABSOLUTE
    ../clib/microlib/longlong.c              0x00000000   Number         0  llushr.o ABSOLUTE
    ../clib/microlib/longlong.c              0x00000000   Number         0  llsshr.o ABSOLUTE
    ../clib/microlib/longlong.c              0x00000000   Number         0  llshl.o ABSOLUTE
    ../clib/microlib/printf/printf.c         0x00000000   Number         0  printf5.o ABSOLUTE
    ../clib/microlib/printf/printf.c         0x00000000   Number         0  printf4.o ABSOLUTE
    ../clib/microlib/printf/printf.c         0x00000000   Number         0  printf3.o ABSOLUTE
    ../clib/microlib/printf/printf.c         0x00000000   Number         0  printf0.o ABSOLUTE
    ../clib/microlib/printf/printf.c         0x00000000   Number         0  printf2.o ABSOLUTE
    ../clib/microlib/printf/printf.c         0x00000000   Number         0  printf1.o ABSOLUTE
    ../clib/microlib/printf/printf.c         0x00000000   Number         0  printfb.o ABSOLUTE
    ../clib/microlib/printf/printf.c         0x00000000   Number         0  printf6.o ABSOLUTE
    ../clib/microlib/printf/printf.c         0x00000000   Number         0  printf7.o ABSOLUTE
    ../clib/microlib/printf/printf.c         0x00000000   Number         0  printf8.o ABSOLUTE
    ../clib/microlib/printf/printf.c         0x00000000   Number         0  printfa.o ABSOLUTE
    ../clib/microlib/printf/stubs.s          0x00000000   Number         0  stubs.o ABSOLUTE
    ../clib/microlib/string/memcpy.c         0x00000000   Number         0  memcpyb.o ABSOLUTE
    ../clib/microlib/string/memcpy.c         0x00000000   Number         0  memcpya.o ABSOLUTE
    ../clib/microlib/string/strcpy.c         0x00000000   Number         0  strcpy.o ABSOLUTE
    ../clib/microlib/string/strlen.c         0x00000000   Number         0  strlen.o ABSOLUTE
    ../clib/microlib/stubs.s                 0x00000000   Number         0  useno.o ABSOLUTE
    ../clib/microlib/stubs.s                 0x00000000   Number         0  iusefp.o ABSOLUTE
    ../fplib/microlib/d2f.c                  0x00000000   Number         0  d2f.o ABSOLUTE
    ../fplib/microlib/f2d.c                  0x00000000   Number         0  f2d.o ABSOLUTE
    ../fplib/microlib/fpadd.c                0x00000000   Number         0  fadd.o ABSOLUTE
    ../fplib/microlib/fpadd.c                0x00000000   Number         0  dadd.o ABSOLUTE
    ../fplib/microlib/fpdiv.c                0x00000000   Number         0  fdiv.o ABSOLUTE
    ../fplib/microlib/fpdiv.c                0x00000000   Number         0  ddiv.o ABSOLUTE
    ../fplib/microlib/fpepilogue.c           0x00000000   Number         0  depilogue.o ABSOLUTE
    ../fplib/microlib/fpepilogue.c           0x00000000   Number         0  fepilogue.o ABSOLUTE
    ../fplib/microlib/fpfix.c                0x00000000   Number         0  dfixul.o ABSOLUTE
    ../fplib/microlib/fpfix.c                0x00000000   Number         0  ffixui.o ABSOLUTE
    ../fplib/microlib/fpfix.c                0x00000000   Number         0  dfixi.o ABSOLUTE
[...]
    .text                                    0x08008474   Section        0  dfltui.o(.text)
    .text                                    0x0800848e   Section        0  ffixui.o(.text)
    .text                                    0x080084b6   Section        0  dfixi.o(.text)
    .text                                    0x080084f4   Section        0  dfixui.o(.text)
    .text                                    0x08008526   Section        0  f2d.o(.text)
    .text                                    0x0800854c   Section        0  d2f.o(.text)
    .text                                    0x08008584   Section       20  cfcmple.o(.text)
    .text                                    0x08008598   Section       20  cfrcmple.o(.text)
    .text                                    0x080085ac   Section        0  uldiv.o(.text)
    .text                                    0x0800860e   Section        0  llshl.o(.text)
    .text                                    0x0800862c   Section        0  llushr.o(.text)
    .text                                    0x0800864c   Section        0  llsshr.o(.text)
    .text                                    0x08008670   Section        0  fepilogue.o(.text)
    .text                                    0x08008670   Section        0  iusefp.o(.text)
    .text                                    0x080086de   Section        0  fsqrt.o(.text)
    .text                                    0x0800873c   Section        0  depilogue.o(.text)
    .text                                    0x080087f6   Section        0  dscalb.o(.text)
    .text                                    0x08008824   Section       36  init.o(.text)
    .text                                    0x08008848   Section        0  fscalb.o(.text)
    .text                                    0x08008860   Section        0  dsqrt.o(.text)
    .text                                    0x08008902   Section        0  __dczerorl2.o(.text)
    i.__0printf$5                            0x08008958   Section        0  printf5.o(i.__0printf$5)
    i.__ARM_fpclassify                       0x08008978   Section        0  fpclassify.o(i.__ARM_fpclassify)
    i.__ARM_fpclassifyf                      0x080089a0   Section        0  fpclassifyf.o(i.__ARM_fpclassifyf)
    i.__ieee754_rem_pio2                     0x080089c8   Section        0  rred.o(i.__ieee754_rem_pio2)
    i.__kernel_cos                           0x08008d50   Section        0  cos_i.o(i.__kernel_cos)
    i.__kernel_poly                          0x08008e4c   Section        0  poly.o(i.__kernel_poly)
    i.__kernel_sin                           0x08008ef8   Section        0  sin_i.o(i.__kernel_sin)
    i.__mathlib_dbl_infnan                   0x08008fe4   Section        0  dunder.o(i.__mathlib_dbl_infnan)
    i.__mathlib_dbl_invalid                  0x08008fea   Section        0  dunder.o(i.__mathlib_dbl_invalid)
    i.__mathlib_dbl_underflow                0x08008ff8   Section        0  dunder.o(i.__mathlib_dbl_underflow)
    i.__mathlib_flt_infnan2                  0x08009008   Section        0  funder.o(i.__mathlib_flt_infnan2)
    i.__mathlib_flt_underflow                0x0800900c   Section        0  funder.o(i.__mathlib_flt_underflow)
    i.__scatterload_copy                     0x08009016   Section       14  handlers.o(i.__scatterload_copy)
    i.__scatterload_null                     0x08009024   Section        2  handlers.o(i.__scatterload_null)
    i.__scatterload_zeroinit                 0x08009026   Section       14  handlers.o(i.__scatterload_zeroinit)
    i.__set_errno                            0x08009034   Section        0  errno.o(i.__set_errno)
    i._printf_core                           0x08009040   Section        0  printf5.o(i._printf_core)
    _printf_core                             0x08009041   Thumb Code   658  printf5.o(i._printf_core)
    i.asin                                   0x08009300   Section        0  asin.o(i.asin)
    i.atan2f                                 0x08009570   Section        0  atan2f.o(i.atan2f)
    i.cos                                    0x080097cc   Section        0  cos.o(i.cos)
    i.sin                                    0x08009868   Section        0  sin.o(i.sin)
    i.sqrt                                   0x08009908   Section        0  sqrt.o(i.sqrt)
    i.sqrtf                                  0x08009954   Section        0  sqrtf.o(i.sqrtf)
    .constdata                               0x08009980   Section      271  crsf.o(.constdata)
    .constdata                               0x08009a8f   Section    18016  lcd.o(.constdata)
    .constdata                               0x0800e0f0   Section       42  pwm.o(.constdata)
    .constdata                               0x0800e11a   Section      256  mavlink_usart_fifo.o(.constdata)
    mavlink_message_crcs                     0x0800e11a   Data         256  mavlink_usart_fifo.o(.constdata)
    .constdata                               0x0800e21a   Section      423  usbdesc.o(.constdata)
    .constdata                               0x0800e3c4   Section       64  usbuser.o(.constdata)
    .constdata                               0x0800e408   Section       80  asin.o(.constdata)
    pS                                       0x0800e408   Data          48  asin.o(.constdata)
    qS                                       0x0800e438   Data          32  asin.o(.constdata)
    .constdata                               0x0800e458   Section       48  cos_i.o(.constdata)
    C                                        0x0800e458   Data          48  cos_i.o(.constdata)
    .constdata                               0x0800e488   Section      200  rred.o(.constdata)
    pio2s                                    0x0800e488   Data          48  rred.o(.constdata)
    twooverpi                                0x0800e4b8   Data         152  rred.o(.constdata)
    .constdata                               0x0800e550   Section       40  sin_i.o(.constdata)
    S                                        0x0800e550   Data          40  sin_i.o(.constdata)
    .data                                    0x20000000   Section      330  main.o(.data)
    .data                                    0x2000014a   Section        6  sbus.o(.data)
    .data                                    0x20000150   Section      102  crsf.o(.data)
    .data                                    0x200001b6   Section        1  system.o(.data)
    .data                                    0x200001b8   Section       46  input.o(.data)
    .data                                    0x200001e6   Section        5  ppm.o(.data)
    .data                                    0x200001ec   Section        4  delay.o(.data)
    fac_us                                   0x200001ec   Data           1  delay.o(.data)
    fac_ms                                   0x200001ee   Data           2  delay.o(.data)
    .data                                    0x200001f0   Section        4  pwm.o(.data)
    .data                                    0x200001f4   Section       20  system_stm32f10x.o(.data)
    .data                                    0x20000208   Section        6  usart.o(.data)
    .data                                    0x2000020e   Section       20  stm32f10x_rcc.o(.data)
    APBAHBPrescTable                         0x2000020e   Data          16  stm32f10x_rcc.o(.data)
    ADCPrescTable                            0x2000021e   Data           4  stm32f10x_rcc.o(.data)
    .data                                    0x20000224   Section        6  usb_hw.o(.data)
    .data                                    0x2000022c   Section       32  usbcore.o(.data)
    USB_DeviceStatus                         0x2000022c   Data           2  usbcore.o(.data)
    USB_DeviceAddress                        0x2000022e   Data           1  usbcore.o(.data)
    USB_EndPointMask                         0x20000230   Data           4  usbcore.o(.data)
    USB_EndPointHalt                         0x20000234   Data           4  usbcore.o(.data)
    USB_NumInterfaces                        0x20000238   Data           1  usbcore.o(.data)
    .data                                    0x2000024c   Section        4  errno.o(.data)
    _errno                                   0x2000024c   Data           4  errno.o(.data)
    .bss                                     0x20000250   Section      145  sbus.o(.bss)
    .bss                                     0x200002e1   Section       75  crsf.o(.bss)
    .bss                                     0x2000032c   Section       13  usb.o(.bss)
    .bss                                     0x20000339   Section       32  system.o(.bss)
    .bss                                     0x2000035a   Section    25600  lcd.o(.bss)
    .bss                                     0x2000675a   Section       16  ppm.o(.bss)
    .bss                                     0x2000676a   Section       80  pwm.o(.bss)
    .bss                                     0x200067bc   Section     1570  mavlink_usart_fifo.o(.bss)
    m_mavlink_status                         0x2000696e   Data          48  mavlink_usart_fifo.o(.bss)
    m_mavlink_buffer                         0x2000699e   Data        1088  mavlink_usart_fifo.o(.bss)
    .bss                                     0x20006dde   Section       16  usbcore.o(.bss)
    STACK                                    0x20006df0   Section     2064  startup_stm32f10x_hd.o(STACK)

    Global Symbols

    Symbol Name                              Value     Ov Type        Size  Object(Section)

    BuildAttributes$$THM_ISAv4$P$D$K$B$S$PE$A:L22UL41UL21$X:L11$S22US41US21$IEEE1$IW$USESV6$~STKCKD$USESV7$~SHL$OTIME$ROPI$IEEEX$EBA8$MICROLIB$REQ8$PRES8$EABIv2 0x00000000   Number         0  anon$$obj.o ABSOLUTE
    __ARM_use_no_argv                        0x00000000   Number         0  main.o ABSOLUTE
    __use_no_errno                           0x00000000   Number         0  useno.o ABSOLUTE
    __use_no_exception_handling              0x00000000   Number         0  useno.o ABSOLUTE
    __use_no_fp                              0x00000000   Number         0  useno.o ABSOLUTE
    __use_no_heap                            0x00000000   Number         0  useno.o ABSOLUTE
    __use_no_heap_region                     0x00000000   Number         0  useno.o ABSOLUTE
    __use_no_semihosting                     0x00000000   Number         0  useno.o ABSOLUTE
    __use_no_semihosting_swi                 0x00000000   Number         0  useno.o ABSOLUTE
    __use_no_signal_handling                 0x00000000   Number         0  useno.o ABSOLUTE
    _printf_a                                0x00000000   Number         0  stubs.o ABSOLUTE
    _printf_c                                0x00000000   Number         0  stubs.o ABSOLUTE
    _printf_charcount                        0x00000000   Number         0  stubs.o ABSOLUTE
    _printf_d                                0x00000000   Number         0  stubs.o ABSOLUTE
    _printf_e                                0x00000000   Number         0  stubs.o ABSOLUTE
    _printf_f                                0x00000000   Number         0  stubs.o ABSOLUTE
    _printf_flags                            0x00000000   Number         0  stubs.o ABSOLUTE
    _printf_fp_dec                           0x00000000   Number         0  stubs.o ABSOLUTE
    _printf_fp_hex                           0x00000000   Number         0  stubs.o ABSOLUTE
    _printf_g                                0x00000000   Number         0  stubs.o ABSOLUTE
    _printf_i                                0x00000000   Number         0  stubs.o ABSOLUTE
    _printf_int_dec                          0x00000000   Number         0  stubs.o ABSOLUTE
    _printf_l                                0x00000000   Number         0  stubs.o ABSOLUTE
    _printf_lc                               0x00000000   Number         0  stubs.o ABSOLUTE
    _printf_ll                               0x00000000   Number         0  stubs.o ABSOLUTE
    _printf_lld                              0x00000000   Number         0  stubs.o ABSOLUTE
    _printf_lli                              0x00000000   Number         0  stubs.o ABSOLUTE
    _printf_llo                              0x00000000   Number         0  stubs.o ABSOLUTE
    _printf_llu                              0x00000000   Number         0  stubs.o ABSOLUTE
    _printf_llx                              0x00000000   Number         0  stubs.o ABSOLUTE
    _printf_longlong_dec                     0x00000000   Number         0  stubs.o ABSOLUTE
    _printf_longlong_hex                     0x00000000   Number         0  stubs.o ABSOLUTE
    _printf_longlong_oct                     0x00000000   Number         0  stubs.o ABSOLUTE
    _printf_ls                               0x00000000   Number         0  stubs.o ABSOLUTE
    _printf_mbtowc                           0x00000000   Number         0  stubs.o ABSOLUTE
    _printf_n                                0x00000000   Number         0  stubs.o ABSOLUTE
    _printf_o                                0x00000000   Number         0  stubs.o ABSOLUTE
    _printf_p                                0x00000000   Number         0  stubs.o ABSOLUTE
    _printf_percent                          0x00000000   Number         0  stubs.o ABSOLUTE
    _printf_pre_padding                      0x00000000   Number         0  stubs.o ABSOLUTE
    _printf_return_value                     0x00000000   Number         0  stubs.o ABSOLUTE
    _printf_s                                0x00000000   Number         0  stubs.o ABSOLUTE
    _printf_sizespec                         0x00000000   Number         0  stubs.o ABSOLUTE
    _printf_str                              0x00000000   Number         0  stubs.o ABSOLUTE
    _printf_truncate_signed                  0x00000000   Number         0  stubs.o ABSOLUTE
    _printf_truncate_unsigned                0x00000000   Number         0  stubs.o ABSOLUTE
    _printf_u                                0x00000000   Number         0  stubs.o ABSOLUTE
    _printf_wc                               0x00000000   Number         0  stubs.o ABSOLUTE
    _printf_wctomb                           0x00000000   Number         0  stubs.o ABSOLUTE
    _printf_widthprec                        0x00000000   Number         0  stubs.o ABSOLUTE
    _printf_x                                0x00000000   Number         0  stubs.o ABSOLUTE
    __cpp_initialize__aeabi_                  - Undefined Weak Reference
    __cxa_finalize                            - Undefined Weak Reference
    _clock_init                               - Undefined Weak Reference
    _microlib_exit                            - Undefined Weak Reference
    __Vectors_Size                           0x00000130   Number         0  startup_stm32f10x_hd.o ABSOLUTE
    __Vectors                                0x08000000   Data           4  startup_stm32f10x_hd.o(RESET)
    __Vectors_End                            0x08000130   Data           0  startup_stm32f10x_hd.o(RESET)
    __main                                   0x08000131   Thumb Code     0  entry.o(.ARM.Collect$$$$00000000)
    _main_stk                                0x08000131   Thumb Code     0  entry2.o(.ARM.Collect$$$$00000001)
    _main_scatterload                        0x08000135   Thumb Code     0  entry5.o(.ARM.Collect$$$$00000004)
    __main_after_scatterload                 0x08000139   Thumb Code     0  entry5.o(.ARM.Collect$$$$00000004)
    _main_clock                              0x08000139   Thumb Code     0  entry7b.o(.ARM.Collect$$$$00000008)
    _main_cpp_init                           0x08000139   Thumb Code     0  entry8b.o(.ARM.Collect$$$$0000000A)
    _main_init                               0x08000139   Thumb Code     0  entry9a.o(.ARM.Collect$$$$0000000B)
    __rt_final_cpp                           0x08000141   Thumb Code     0  entry10a.o(.ARM.Collect$$$$0000000D)
    __rt_final_exit                          0x08000141   Thumb Code     0  entry11a.o(.ARM.Collect$$$$0000000F)
    main                                     0x08000145   Thumb Code   270  main.o(.text)
    TIM3_IRQHandler                          0x08000253   Thumb Code   212  main.o(.text)
    TIM1_UP_IRQHandler                       0x08000327   Thumb Code    96  main.o(.text)
    sbus_unpackage                           0x080003f5   Thumb Code   374  sbus.o(.text)
    crsf_rc_depackage                        0x0800056b   Thumb Code   374  sbus.o(.text)
    USART1_IRQHandler                        0x080006e1   Thumb Code   336  sbus.o(.text)
    crc8                                     0x08000839   Thumb Code    28  crsf.o(.text)
    CRSF_Package                             0x08000855   Thumb Code   160  crsf.o(.text)
    CRSF_send                                0x080008f5   Thumb Code    78  crsf.o(.text)
    CRSF_param_package                       0x08000943   Thumb Code    58  crsf.o(.text)
    CRSF_unpackage                           0x0800097d   Thumb Code     2  crsf.o(.text)
    CRSF_out                                 0x0800097f   Thumb Code   164  crsf.o(.text)
    crsf_clear                               0x08000a23   Thumb Code   120  crsf.o(.text)
    CRSF_Tel_Out                             0x08000a9b   Thumb Code    74  crsf.o(.text)
    crsf_depackage                           0x08000ae5   Thumb Code  1086  crsf.o(.text)
    USART3_IRQHandler                        0x08000f23   Thumb Code   242  crsf.o(.text)
    Get_USB_Buffer                           0x0800109d   Thumb Code   340  usb.o(.text)
    USB_out                                  0x080011f1   Thumb Code    18  usb.o(.text)
    save16                                   0x0800120d   Thumb Code    24  system.o(.text)
    save32                                   0x08001225   Thumb Code    34  system.o(.text)
    read16                                   0x08001247   Thumb Code    16  system.o(.text)
    read32                                   0x08001257   Thumb Code    36  system.o(.text)
    factory                                  0x0800127b   Thumb Code   186  system.o(.text)
    message                                  0x08001335   Thumb Code    20  system.o(.text)
    message_reflash                          0x08001349   Thumb Code    94  system.o(.text)
    link_status_check                        0x080013a7   Thumb Code   278  system.o(.text)
    delay                                    0x08001569   Thumb Code    12  lcd_init.o(.text)
    LCD_GPIO_Init                            0x08001575   Thumb Code    56  lcd_init.o(.text)
    LCD_Writ_Bus                             0x080015ad   Thumb Code    54  lcd_init.o(.text)
    LCD_WR_DATA8                             0x080015e3   Thumb Code    12  lcd_init.o(.text)
    LCD_WR_DATA                              0x080015ef   Thumb Code    18  lcd_init.o(.text)
    LCD_WR_REG                               0x08001601   Thumb Code    32  lcd_init.o(.text)
    LCD_Address_Set                          0x08001621   Thumb Code    70  lcd_init.o(.text)
    LCD_Init                                 0x08001667   Thumb Code   594  lcd_init.o(.text)
    LCD_Fill                                 0x080018c5   Thumb Code    74  lcd.o(.text)
    LCD_DrawPoint                            0x0800190f   Thumb Code    38  lcd.o(.text)
    LCD_DrawLine                             0x08001935   Thumb Code   162  lcd.o(.text)
    LCD_DrawRectangle                        0x080019d7   Thumb Code    74  lcd.o(.text)
    Draw_Circle                              0x08001a21   Thumb Code   158  lcd.o(.text)
    LCD_ShowChinese24x24                     0x08001abf   Thumb Code   302  lcd.o(.text)
    LCD_ShowChinese16x16                     0x08001bed   Thumb Code   192  lcd.o(.text)
    LCD_ShowChinese12x12                     0x08001cad   Thumb Code   220  lcd.o(.text)
    LCD_ShowChinese                          0x08001d89   Thumb Code    98  lcd.o(.text)
    LCD_ShowChinese32x32                     0x08001deb   Thumb Code   302  lcd.o(.text)
    LCD_ShowChar                             0x08001f19   Thumb Code   308  lcd.o(.text)
    LCD_ShowString                           0x0800204d   Thumb Code    66  lcd.o(.text)
    mypow                                    0x0800208f   Thumb Code    22  lcd.o(.text)
    LCD_ShowIntNum                           0x080020a5   Thumb Code   150  lcd.o(.text)
    LCD_ShowFloatNum1                        0x0800213b   Thumb Code   158  lcd.o(.text)
    LCD_ShowPicture                          0x080021d9   Thumb Code   128  lcd.o(.text)
    LCD_ShowStr                              0x08002259   Thumb Code   140  lcd.o(.text)
    LCD_Reflash                              0x080022e5   Thumb Code    64  lcd.o(.text)
    LCD_Clear                                0x08002325   Thumb Code    24  lcd.o(.text)
    LCD_FillRect                             0x0800233d   Thumb Code    54  lcd.o(.text)
    LCD_ShowFillRoundRect                    0x08002373   Thumb Code   338  lcd.o(.text)
    LCD_ShowRoundRect                        0x080024c5   Thumb Code   406  lcd.o(.text)
    abs                                      0x08002665   Thumb Code    14  input.o(.text)
    battery_check                            0x08002673   Thumb Code   340  input.o(.text)
    input                                    0x080027c7   Thumb Code   336  input.o(.text)
    menu_check                               0x08002917   Thumb Code   790  input.o(.text)
    TIM2_IRQHandler                          0x08002c6d   Thumb Code   232  ppm.o(.text)
    ppm_Cap_Init                             0x08002d55   Thumb Code   166  ppm.o(.text)
    usart3_init                              0x08002e0d   Thumb Code   164  usart3.o(.text)
    usart2_init                              0x08002eb1   Thumb Code   162  usart3.o(.text)
    TIM3_Int_Init                            0x08002f65   Thumb Code    82  timer.o(.text)
    TIM2_Int_Init                            0x08002fb7   Thumb Code    82  timer.o(.text)
    TIM1_Int_Init                            0x08003009   Thumb Code    82  timer.o(.text)
    delay_init                               0x08003065   Thumb Code    50  delay.o(.text)
    delay_us                                 0x08003097   Thumb Code    72  delay.o(.text)
    delay_ms                                 0x080030df   Thumb Code    72  delay.o(.text)
    STMFLASH_ReadHalfWord                    0x08003139   Thumb Code     6  stmflash.o(.text)
    STMFLASH_Write_NoCheck                   0x0800313f   Thumb Code    38  stmflash.o(.text)
    STMFLASH_Read                            0x08003165   Thumb Code    34  stmflash.o(.text)
    STMFLASH_Write                           0x08003187   Thumb Code   230  stmflash.o(.text)
    Test_Write                               0x0800326d   Thumb Code    16  stmflash.o(.text)
    Read_StmflashData                        0x0800327d   Thumb Code    28  stmflash.o(.text)
    Adc_Init                                 0x0800329d   Thumb Code   146  adc.o(.text)
    Get_Adc                                  0x0800332f   Thumb Code    46  adc.o(.text)
    Gpio_Init                                0x08003369   Thumb Code   110  gpio.o(.text)
    beep_queue_regedit                       0x080033e9   Thumb Code    40  pwm.o(.text)
    BEEP_Init                                0x08003411   Thumb Code   140  pwm.o(.text)
    beep                                     0x0800349d   Thumb Code   140  pwm.o(.text)
    beep_queue_operation                     0x08003529   Thumb Code    96  pwm.o(.text)
    beep_positive                            0x08003589   Thumb Code    32  pwm.o(.text)
    beep_negative                            0x080035a9   Thumb Code    32  pwm.o(.text)
    backlight                                0x080035c9   Thumb Code    18  pwm.o(.text)
    SPI2_Init                                0x08003609   Thumb Code   134  spi.o(.text)
    NMI_Handler                              0x08003699   Thumb Code     2  stm32f10x_it.o(.text)
    HardFault_Handler                        0x0800369b   Thumb Code     4  stm32f10x_it.o(.text)
    MemManage_Handler                        0x0800369f   Thumb Code     4  stm32f10x_it.o(.text)
    BusFault_Handler                         0x080036a3   Thumb Code     4  stm32f10x_it.o(.text)
    UsageFault_Handler                       0x080036a7   Thumb Code     4  stm32f10x_it.o(.text)
    SVC_Handler                              0x080036ab   Thumb Code     2  stm32f10x_it.o(.text)
    DebugMon_Handler                         0x080036ad   Thumb Code     2  stm32f10x_it.o(.text)
    PendSV_Handler                           0x080036af   Thumb Code     2  stm32f10x_it.o(.text)
    SysTick_Handler                          0x080036b1   Thumb Code     2  stm32f10x_it.o(.text)
    SystemInit                               0x08003793   Thumb Code    78  system_stm32f10x.o(.text)
    SystemCoreClockUpdate                    0x080037e1   Thumb Code   142  system_stm32f10x.o(.text)
    sys_exit                                 0x08003895   Thumb Code     4  usart.o(.text)
    fputc                                    0x08003899   Thumb Code    24  usart.o(.text)
    uart_init                                0x080038b1   Thumb Code   152  usart.o(.text)
    Reset_Handler                            0x08003951   Thumb Code     8  startup_stm32f10x_hd.o(.text)
    ADC1_2_IRQHandler                        0x0800396b   Thumb Code     0  startup_stm32f10x_hd.o(.text)
    ADC3_IRQHandler                          0x0800396b   Thumb Code     0  startup_stm32f10x_hd.o(.text)
    CAN1_RX1_IRQHandler                      0x0800396b   Thumb Code     0  startup_stm32f10x_hd.o(.text)
    CAN1_SCE_IRQHandler                      0x0800396b   Thumb Code     0  startup_stm32f10x_hd.o(.text)
    DMA1_Channel1_IRQHandler                 0x0800396b   Thumb Code     0  startup_stm32f10x_hd.o(.text)
    DMA1_Channel2_IRQHandler                 0x0800396b   Thumb Code     0  startup_stm32f10x_hd.o(.text)
    DMA1_Channel3_IRQHandler                 0x0800396b   Thumb Code     0  startup_stm32f10x_hd.o(.text)
    DMA1_Channel4_IRQHandler                 0x0800396b   Thumb Code     0  startup_stm32f10x_hd.o(.text)
    DMA1_Channel5_IRQHandler                 0x0800396b   Thumb Code     0  startup_stm32f10x_hd.o(.text)
    DMA1_Channel6_IRQHandler                 0x0800396b   Thumb Code     0  startup_stm32f10x_hd.o(.text)
    DMA1_Channel7_IRQHandler                 0x0800396b   Thumb Code     0  startup_stm32f10x_hd.o(.text)
    DMA2_Channel1_IRQHandler                 0x0800396b   Thumb Code     0  startup_stm32f10x_hd.o(.text)
    DMA2_Channel2_IRQHandler                 0x0800396b   Thumb Code     0  startup_stm32f10x_hd.o(.text)
    DMA2_Channel3_IRQHandler                 0x0800396b   Thumb Code     0  startup_stm32f10x_hd.o(.text)
    DMA2_Channel4_5_IRQHandler               0x0800396b   Thumb Code     0  startup_stm32f10x_hd.o(.text)
    EXTI0_IRQHandler                         0x0800396b   Thumb Code     0  startup_stm32f10x_hd.o(.text)
    EXTI15_10_IRQHandler                     0x0800396b   Thumb Code     0  startup_stm32f10x_hd.o(.text)
    EXTI1_IRQHandler                         0x0800396b   Thumb Code     0  startup_stm32f10x_hd.o(.text)
    EXTI2_IRQHandler                         0x0800396b   Thumb Code     0  startup_stm32f10x_hd.o(.text)
    EXTI3_IRQHandler                         0x0800396b   Thumb Code     0  startup_stm32f10x_hd.o(.text)
    EXTI4_IRQHandler                         0x0800396b   Thumb Code     0  startup_stm32f10x_hd.o(.text)
    EXTI9_5_IRQHandler                       0x0800396b   Thumb Code     0  startup_stm32f10x_hd.o(.text)
    FLASH_IRQHandler                         0x0800396b   Thumb Code     0  startup_stm32f10x_hd.o(.text)
    FSMC_IRQHandler                          0x0800396b   Thumb Code     0  startup_stm32f10x_hd.o(.text)
    I2C1_ER_IRQHandler                       0x0800396b   Thumb Code     0  startup_stm32f10x_hd.o(.text)
    I2C1_EV_IRQHandler                       0x0800396b   Thumb Code     0  startup_stm32f10x_hd.o(.text)
    I2C2_ER_IRQHandler                       0x0800396b   Thumb Code     0  startup_stm32f10x_hd.o(.text)
    I2C2_EV_IRQHandler                       0x0800396b   Thumb Code     0  startup_stm32f10x_hd.o(.text)
    PVD_IRQHandler                           0x0800396b   Thumb Code     0  startup_stm32f10x_hd.o(.text)
    RCC_IRQHandler                           0x0800396b   Thumb Code     0  startup_stm32f10x_hd.o(.text)
    RTCAlarm_IRQHandler                      0x0800396b   Thumb Code     0  startup_stm32f10x_hd.o(.text)
    RTC_IRQHandler                           0x0800396b   Thumb Code     0  startup_stm32f10x_hd.o(.text)
    SDIO_IRQHandler                          0x0800396b   Thumb Code     0  startup_stm32f10x_hd.o(.text)
    SPI1_IRQHandler                          0x0800396b   Thumb Code     0  startup_stm32f10x_hd.o(.text)
    SPI2_IRQHandler                          0x0800396b   Thumb Code     0  startup_stm32f10x_hd.o(.text)
    SPI3_IRQHandler                          0x0800396b   Thumb Code     0  startup_stm32f10x_hd.o(.text)
    TAMPER_IRQHandler                        0x0800396b   Thumb Code     0  startup_stm32f10x_hd.o(.text)
    TIM1_BRK_IRQHandler                      0x0800396b   Thumb Code     0  startup_stm32f10x_hd.o(.text)
    TIM1_CC_IRQHandler                       0x0800396b   Thumb Code     0  startup_stm32f10x_hd.o(.text)
    TIM1_TRG_COM_IRQHandler                  0x0800396b   Thumb Code     0  startup_stm32f10x_hd.o(.text)
    TIM4_IRQHandler                          0x0800396b   Thumb Code     0  startup_stm32f10x_hd.o(.text)
    TIM5_IRQHandler                          0x0800396b   Thumb Code     0  startup_stm32f10x_hd.o(.text)
    TIM6_IRQHandler                          0x0800396b   Thumb Code     0  startup_stm32f10x_hd.o(.text)
    TIM7_IRQHandler                          0x0800396b   Thumb Code     0  startup_stm32f10x_hd.o(.text)
    TIM8_BRK_IRQHandler                      0x0800396b   Thumb Code     0  startup_stm32f10x_hd.o(.text)
    TIM8_CC_IRQHandler                       0x0800396b   Thumb Code     0  startup_stm32f10x_hd.o(.text)
    TIM8_TRG_COM_IRQHandler                  0x0800396b   Thumb Code     0  startup_stm32f10x_hd.o(.text)
    TIM8_UP_IRQHandler                       0x0800396b   Thumb Code     0  startup_stm32f10x_hd.o(.text)
    UART4_IRQHandler                         0x0800396b   Thumb Code     0  startup_stm32f10x_hd.o(.text)
    UART5_IRQHandler                         0x0800396b   Thumb Code     0  startup_stm32f10x_hd.o(.text)
    USBWakeUp_IRQHandler                     0x0800396b   Thumb Code     0  startup_stm32f10x_hd.o(.text)
    USB_HP_CAN1_TX_IRQHandler                0x0800396b   Thumb Code     0  startup_stm32f10x_hd.o(.text)
    WWDG_IRQHandler                          0x0800396b   Thumb Code     0  startup_stm32f10x_hd.o(.text)
    NVIC_PriorityGroupConfig                 0x08003975   Thumb Code    10  misc.o(.text)
    NVIC_Init                                0x0800397f   Thumb Code   100  misc.o(.text)
    NVIC_SetVectorTable                      0x080039e3   Thumb Code    14  misc.o(.text)
    NVIC_SystemLPConfig                      0x080039f1   Thumb Code    34  misc.o(.text)
    SysTick_CLKSourceConfig                  0x08003a13   Thumb Code    40  misc.o(.text)
    GPIO_DeInit                              0x08003a51   Thumb Code   172  stm32f10x_gpio.o(.text)
    GPIO_AFIODeInit                          0x08003afd   Thumb Code    20  stm32f10x_gpio.o(.text)
    GPIO_Init                                0x08003b11   Thumb Code   278  stm32f10x_gpio.o(.text)
    GPIO_StructInit                          0x08003c27   Thumb Code    16  stm32f10x_gpio.o(.text)
    GPIO_ReadInputDataBit                    0x08003c37   Thumb Code    18  stm32f10x_gpio.o(.text)
    GPIO_ReadInputData                       0x08003c49   Thumb Code     8  stm32f10x_gpio.o(.text)
    GPIO_ReadOutputDataBit                   0x08003c51   Thumb Code    18  stm32f10x_gpio.o(.text)
    GPIO_ReadOutputData                      0x08003c63   Thumb Code     8  stm32f10x_gpio.o(.text)
    GPIO_SetBits                             0x08003c6b   Thumb Code     4  stm32f10x_gpio.o(.text)
    GPIO_ResetBits                           0x08003c6f   Thumb Code     4  stm32f10x_gpio.o(.text)
    GPIO_WriteBit                            0x08003c73   Thumb Code    10  stm32f10x_gpio.o(.text)
    GPIO_Write                               0x08003c7d   Thumb Code     4  stm32f10x_gpio.o(.text)
    GPIO_PinLockConfig                       0x08003c81   Thumb Code    18  stm32f10x_gpio.o(.text)
    GPIO_EventOutputConfig                   0x08003c93   Thumb Code    26  stm32f10x_gpio.o(.text)
    GPIO_EventOutputCmd                      0x08003cad   Thumb Code     6  stm32f10x_gpio.o(.text)
    GPIO_PinRemapConfig                      0x08003cb3   Thumb Code   138  stm32f10x_gpio.o(.text)
    GPIO_EXTILineConfig                      0x08003d3d   Thumb Code    66  stm32f10x_gpio.o(.text)
    GPIO_ETH_MediaInterfaceConfig            0x08003d7f   Thumb Code     8  stm32f10x_gpio.o(.text)
    SPI_I2S_DeInit                           0x08003dad   Thumb Code    76  stm32f10x_spi.o(.text)
    SPI_Init                                 0x08003df9   Thumb Code    60  stm32f10x_spi.o(.text)
    I2S_Init                                 0x08003e35   Thumb Code   226  stm32f10x_spi.o(.text)
    SPI_StructInit                           0x08003f17   Thumb Code    24  stm32f10x_spi.o(.text)
    I2S_StructInit                           0x08003f2f   Thumb Code    20  stm32f10x_spi.o(.text)
    SPI_Cmd                                  0x08003f43   Thumb Code    24  stm32f10x_spi.o(.text)
    I2S_Cmd                                  0x08003f5b   Thumb Code    24  stm32f10x_spi.o(.text)
    SPI_I2S_ITConfig                         0x08003f73   Thumb Code    32  stm32f10x_spi.o(.text)
    SPI_I2S_DMACmd                           0x08003f93   Thumb Code    18  stm32f10x_spi.o(.text)
    SPI_I2S_SendData                         0x08003fa5   Thumb Code     4  stm32f10x_spi.o(.text)
    SPI_I2S_ReceiveData                      0x08003fa9   Thumb Code     6  stm32f10x_spi.o(.text)
    SPI_NSSInternalSoftwareConfig            0x08003faf   Thumb Code    30  stm32f10x_spi.o(.text)
    SPI_SSOutputCmd                          0x08003fcd   Thumb Code    24  stm32f10x_spi.o(.text)
    SPI_DataSizeConfig                       0x08003fe5   Thumb Code    18  stm32f10x_spi.o(.text)
    SPI_TransmitCRC                          0x08003ff7   Thumb Code    10  stm32f10x_spi.o(.text)
    SPI_CalculateCRC                         0x08004001   Thumb Code    24  stm32f10x_spi.o(.text)
    SPI_GetCRC                               0x08004019   Thumb Code    16  stm32f10x_spi.o(.text)
    SPI_GetCRCPolynomial                     0x08004029   Thumb Code     6  stm32f10x_spi.o(.text)
    SPI_BiDirectionalLineConfig              0x0800402f   Thumb Code    28  stm32f10x_spi.o(.text)
    SPI_I2S_GetFlagStatus                    0x0800404b   Thumb Code    18  stm32f10x_spi.o(.text)
    SPI_I2S_ClearFlag                        0x0800405d   Thumb Code     6  stm32f10x_spi.o(.text)
    SPI_I2S_GetITStatus                      0x08004063   Thumb Code    52  stm32f10x_spi.o(.text)
    SPI_I2S_ClearITPendingBit                0x08004097   Thumb Code    20  stm32f10x_spi.o(.text)
    USART_DeInit                             0x080040b9   Thumb Code   134  stm32f10x_usart.o(.text)
    USART_Init                               0x0800413f   Thumb Code   210  stm32f10x_usart.o(.text)
    USART_StructInit                         0x08004211   Thumb Code    24  stm32f10x_usart.o(.text)
    USART_ClockInit                          0x08004229   Thumb Code    34  stm32f10x_usart.o(.text)
    USART_ClockStructInit                    0x0800424b   Thumb Code    12  stm32f10x_usart.o(.text)
    USART_Cmd                                0x08004257   Thumb Code    24  stm32f10x_usart.o(.text)
    USART_ITConfig                           0x0800426f   Thumb Code    74  stm32f10x_usart.o(.text)
    USART_DMACmd                             0x080042b9   Thumb Code    18  stm32f10x_usart.o(.text)
    USART_SetAddress                         0x080042cb   Thumb Code    18  stm32f10x_usart.o(.text)
    USART_WakeUpConfig                       0x080042dd   Thumb Code    18  stm32f10x_usart.o(.text)
    USART_ReceiverWakeUpCmd                  0x080042ef   Thumb Code    24  stm32f10x_usart.o(.text)
    USART_LINBreakDetectLengthConfig         0x08004307   Thumb Code    18  stm32f10x_usart.o(.text)
    USART_LINCmd                             0x08004319   Thumb Code    24  stm32f10x_usart.o(.text)
    USART_SendData                           0x08004331   Thumb Code     8  stm32f10x_usart.o(.text)
    USART_ReceiveData                        0x08004339   Thumb Code    10  stm32f10x_usart.o(.text)
    USART_SendBreak                          0x08004343   Thumb Code    10  stm32f10x_usart.o(.text)
    USART_SetGuardTime                       0x0800434d   Thumb Code    16  stm32f10x_usart.o(.text)
    USART_SetPrescaler                       0x0800435d   Thumb Code    16  stm32f10x_usart.o(.text)
    USART_SmartCardCmd                       0x0800436d   Thumb Code    24  stm32f10x_usart.o(.text)
    USART_SmartCardNACKCmd                   0x08004385   Thumb Code    24  stm32f10x_usart.o(.text)
    USART_HalfDuplexCmd                      0x0800439d   Thumb Code    24  stm32f10x_usart.o(.text)
    USART_OverSampling8Cmd                   0x080043b5   Thumb Code    22  stm32f10x_usart.o(.text)
    USART_OneBitMethodCmd                    0x080043cb   Thumb Code    24  stm32f10x_usart.o(.text)
    USART_IrDAConfig                         0x080043e3   Thumb Code    18  stm32f10x_usart.o(.text)
    USART_IrDACmd                            0x080043f5   Thumb Code    24  stm32f10x_usart.o(.text)
    USART_GetFlagStatus                      0x0800440d   Thumb Code    26  stm32f10x_usart.o(.text)
    USART_ClearFlag                          0x08004427   Thumb Code    18  stm32f10x_usart.o(.text)
    USART_GetITStatus                        0x08004439   Thumb Code    84  stm32f10x_usart.o(.text)
    USART_ClearITPendingBit                  0x0800448d   Thumb Code    52  stm32f10x_usart.o(.text)
    ADC_DeInit                               0x080044c1   Thumb Code    78  stm32f10x_adc.o(.text)
    ADC_Init                                 0x0800450f   Thumb Code    70  stm32f10x_adc.o(.text)
    ADC_StructInit                           0x08004555   Thumb Code    18  stm32f10x_adc.o(.text)
    ADC_Cmd                                  0x08004567   Thumb Code    22  stm32f10x_adc.o(.text)
    ADC_DMACmd                               0x0800457d   Thumb Code    22  stm32f10x_adc.o(.text)
    ADC_ITConfig                             0x08004593   Thumb Code    24  stm32f10x_adc.o(.text)
    ADC_ResetCalibration                     0x080045ab   Thumb Code    10  stm32f10x_adc.o(.text)
    ADC_GetResetCalibrationStatus            0x080045b5   Thumb Code    20  stm32f10x_adc.o(.text)
    ADC_StartCalibration                     0x080045c9   Thumb Code    10  stm32f10x_adc.o(.text)
    ADC_GetCalibrationStatus                 0x080045d3   Thumb Code    20  stm32f10x_adc.o(.text)
    ADC_SoftwareStartConvCmd                 0x080045e7   Thumb Code    22  stm32f10x_adc.o(.text)
    ADC_GetSoftwareStartConvStatus           0x080045fd   Thumb Code    20  stm32f10x_adc.o(.text)
    ADC_DiscModeChannelCountConfig           0x08004611   Thumb Code    24  stm32f10x_adc.o(.text)
    ADC_DiscModeCmd                          0x08004629   Thumb Code    22  stm32f10x_adc.o(.text)
    ADC_RegularChannelConfig                 0x0800463f   Thumb Code   184  stm32f10x_adc.o(.text)
    ADC_ExternalTrigConvCmd                  0x080046f7   Thumb Code    22  stm32f10x_adc.o(.text)
    ADC_GetConversionValue                   0x0800470d   Thumb Code     8  stm32f10x_adc.o(.text)
    ADC_GetDualModeConversionValue           0x08004715   Thumb Code     8  stm32f10x_adc.o(.text)
    ADC_AutoInjectedConvCmd                  0x0800471d   Thumb Code    22  stm32f10x_adc.o(.text)
    ADC_InjectedDiscModeCmd                  0x08004733   Thumb Code    22  stm32f10x_adc.o(.text)
    ADC_ExternalTrigInjectedConvConfig       0x08004749   Thumb Code    16  stm32f10x_adc.o(.text)
    ADC_ExternalTrigInjectedConvCmd          0x08004759   Thumb Code    22  stm32f10x_adc.o(.text)
    ADC_SoftwareStartInjectedConvCmd         0x0800476f   Thumb Code    22  stm32f10x_adc.o(.text)
    ADC_GetSoftwareStartInjectedConvCmdStatus 0x08004785   Thumb Code    20  stm32f10x_adc.o(.text)
    ADC_InjectedChannelConfig                0x08004799   Thumb Code   130  stm32f10x_adc.o(.text)
    ADC_InjectedSequencerLengthConfig        0x0800481b   Thumb Code    24  stm32f10x_adc.o(.text)
    ADC_SetInjectedOffset                    0x08004833   Thumb Code    20  stm32f10x_adc.o(.text)
    ADC_GetInjectedConversionValue           0x08004847   Thumb Code    28  stm32f10x_adc.o(.text)
    ADC_AnalogWatchdogCmd                    0x08004863   Thumb Code    16  stm32f10x_adc.o(.text)
    ADC_AnalogWatchdogThresholdsConfig       0x08004873   Thumb Code     6  stm32f10x_adc.o(.text)
    ADC_AnalogWatchdogSingleChannelConfig    0x08004879   Thumb Code    16  stm32f10x_adc.o(.text)
    ADC_TempSensorVrefintCmd                 0x08004889   Thumb Code    64  stm32f10x_adc.o(.text)
    ADC_GetFlagStatus                        0x080048c9   Thumb Code    18  stm32f10x_adc.o(.text)
    ADC_ClearFlag                            0x080048db   Thumb Code     6  stm32f10x_adc.o(.text)
    ADC_GetITStatus                          0x080048e1   Thumb Code    36  stm32f10x_adc.o(.text)
    ADC_ClearITPendingBit                    0x08004905   Thumb Code    10  stm32f10x_adc.o(.text)
    TIM_DeInit                               0x08004911   Thumb Code   424  stm32f10x_tim.o(.text)
    TIM_TimeBaseInit                         0x08004ab9   Thumb Code   122  stm32f10x_tim.o(.text)
    TIM_OC1Init                              0x08004b33   Thumb Code   132  stm32f10x_tim.o(.text)
    TIM_OC2Init                              0x08004bb7   Thumb Code   154  stm32f10x_tim.o(.text)
    TIM_OC3Init                              0x08004c51   Thumb Code   150  stm32f10x_tim.o(.text)
    TIM_OC4Init                              0x08004ce7   Thumb Code   182  stm32f10x_tim.o(.text)
    TIM_SetIC4Prescaler                      0x08004d9d   Thumb Code    26  stm32f10x_tim.o(.text)
    TIM_SetIC3Prescaler                      0x08004e39   Thumb Code    18  stm32f10x_tim.o(.text)
    TIM_SetIC2Prescaler                      0x08004ec5   Thumb Code    26  stm32f10x_tim.o(.text)
    TIM_SetIC1Prescaler                      0x08004f61   Thumb Code    18  stm32f10x_tim.o(.text)
    TIM_ICInit                               0x08004fdf   Thumb Code   150  stm32f10x_tim.o(.text)
    TIM_PWMIConfig                           0x08005075   Thumb Code   124  stm32f10x_tim.o(.text)
    TIM_BDTRConfig                           0x080050f1   Thumb Code    32  stm32f10x_tim.o(.text)
    TIM_TimeBaseStructInit                   0x08005111   Thumb Code    18  stm32f10x_tim.o(.text)
    TIM_OCStructInit                         0x08005123   Thumb Code    20  stm32f10x_tim.o(.text)
    TIM_ICStructInit                         0x08005137   Thumb Code    18  stm32f10x_tim.o(.text)
    TIM_BDTRStructInit                       0x08005149   Thumb Code    40  stm32f10x_tim.o(.text)
    TIM_Cmd                                  0x08005171   Thumb Code    24  stm32f10x_tim.o(.text)
    TIM_CtrlPWMOutputs                       0x08005189   Thumb Code    30  stm32f10x_tim.o(.text)
    TIM_ITConfig                             0x080051a7   Thumb Code    18  stm32f10x_tim.o(.text)
    TIM_GenerateEvent                        0x080051b9   Thumb Code     4  stm32f10x_tim.o(.text)
    TIM_DMAConfig                            0x080051bd   Thumb Code    10  stm32f10x_tim.o(.text)
    TIM_DMACmd                               0x080051c7   Thumb Code    18  stm32f10x_tim.o(.text)
    TIM_InternalClockConfig                  0x080051d9   Thumb Code    12  stm32f10x_tim.o(.text)
    TIM_SelectInputTrigger                   0x080051e5   Thumb Code    18  stm32f10x_tim.o(.text)
    TIM_ITRxExternalClockConfig              0x080051f7   Thumb Code    24  stm32f10x_tim.o(.text)
    TIM_TIxExternalClockConfig               0x0800520f   Thumb Code    62  stm32f10x_tim.o(.text)
    TIM_ETRConfig                            0x0800524d   Thumb Code    28  stm32f10x_tim.o(.text)
    TIM_ETRClockMode1Config                  0x08005269   Thumb Code    54  stm32f10x_tim.o(.text)
    TIM_ETRClockMode2Config                  0x0800529f   Thumb Code    32  stm32f10x_tim.o(.text)
    TIM_PrescalerConfig                      0x080052bf   Thumb Code     6  stm32f10x_tim.o(.text)
    TIM_CounterModeConfig                    0x080052c5   Thumb Code    18  stm32f10x_tim.o(.text)
    TIM_EncoderInterfaceConfig               0x080052d7   Thumb Code    66  stm32f10x_tim.o(.text)
    TIM_ForcedOC1Config                      0x08005319   Thumb Code    18  stm32f10x_tim.o(.text)
    TIM_ForcedOC2Config                      0x0800532b   Thumb Code    26  stm32f10x_tim.o(.text)
    TIM_ForcedOC3Config                      0x08005345   Thumb Code    18  stm32f10x_tim.o(.text)
    TIM_ForcedOC4Config                      0x08005357   Thumb Code    26  stm32f10x_tim.o(.text)
    TIM_ARRPreloadConfig                     0x08005371   Thumb Code    24  stm32f10x_tim.o(.text)
    TIM_SelectCOM                            0x08005389   Thumb Code    24  stm32f10x_tim.o(.text)
    TIM_SelectCCDMA                          0x080053a1   Thumb Code    24  stm32f10x_tim.o(.text)
    TIM_CCPreloadControl                     0x080053b9   Thumb Code    24  stm32f10x_tim.o(.text)
    TIM_OC1PreloadConfig                     0x080053d1   Thumb Code    18  stm32f10x_tim.o(.text)
    TIM_OC2PreloadConfig                     0x080053e3   Thumb Code    26  stm32f10x_tim.o(.text)
    TIM_OC3PreloadConfig                     0x080053fd   Thumb Code    18  stm32f10x_tim.o(.text)
    TIM_OC4PreloadConfig                     0x0800540f   Thumb Code    26  stm32f10x_tim.o(.text)
    TIM_OC1FastConfig                        0x08005429   Thumb Code    18  stm32f10x_tim.o(.text)
    TIM_OC2FastConfig                        0x0800543b   Thumb Code    26  stm32f10x_tim.o(.text)
    TIM_OC3FastConfig                        0x08005455   Thumb Code    18  stm32f10x_tim.o(.text)
    TIM_OC4FastConfig                        0x08005467   Thumb Code    26  stm32f10x_tim.o(.text)
    TIM_ClearOC1Ref                          0x08005481   Thumb Code    18  stm32f10x_tim.o(.text)
    TIM_ClearOC2Ref                          0x08005493   Thumb Code    24  stm32f10x_tim.o(.text)
    TIM_ClearOC3Ref                          0x080054ab   Thumb Code    18  stm32f10x_tim.o(.text)
    TIM_ClearOC4Ref                          0x080054bd   Thumb Code    24  stm32f10x_tim.o(.text)
    TIM_OC1PolarityConfig                    0x080054d5   Thumb Code    18  stm32f10x_tim.o(.text)
    TIM_OC1NPolarityConfig                   0x080054e7   Thumb Code    18  stm32f10x_tim.o(.text)
    TIM_OC2PolarityConfig                    0x080054f9   Thumb Code    26  stm32f10x_tim.o(.text)
    TIM_OC2NPolarityConfig                   0x08005513   Thumb Code    26  stm32f10x_tim.o(.text)
    TIM_OC3PolarityConfig                    0x0800552d   Thumb Code    26  stm32f10x_tim.o(.text)
    TIM_OC3NPolarityConfig                   0x08005547   Thumb Code    26  stm32f10x_tim.o(.text)
    TIM_OC4PolarityConfig                    0x08005561   Thumb Code    26  stm32f10x_tim.o(.text)
    TIM_CCxCmd                               0x0800557b   Thumb Code    30  stm32f10x_tim.o(.text)
    TIM_CCxNCmd                              0x08005599   Thumb Code    30  stm32f10x_tim.o(.text)
    TIM_SelectOCxM                           0x080055b7   Thumb Code    82  stm32f10x_tim.o(.text)
    TIM_UpdateDisableConfig                  0x08005609   Thumb Code    24  stm32f10x_tim.o(.text)
    TIM_UpdateRequestConfig                  0x08005621   Thumb Code    24  stm32f10x_tim.o(.text)
    TIM_SelectHallSensor                     0x08005639   Thumb Code    24  stm32f10x_tim.o(.text)
    TIM_SelectOnePulseMode                   0x08005651   Thumb Code    18  stm32f10x_tim.o(.text)
    TIM_SelectOutputTrigger                  0x08005663   Thumb Code    18  stm32f10x_tim.o(.text)
    TIM_SelectSlaveMode                      0x08005675   Thumb Code    18  stm32f10x_tim.o(.text)
    TIM_SelectMasterSlaveMode                0x08005687   Thumb Code    18  stm32f10x_tim.o(.text)
    TIM_SetCounter                           0x08005699   Thumb Code     4  stm32f10x_tim.o(.text)
    TIM_SetAutoreload                        0x0800569d   Thumb Code     4  stm32f10x_tim.o(.text)
    TIM_SetCompare1                          0x080056a1   Thumb Code     4  stm32f10x_tim.o(.text)
    TIM_SetCompare2                          0x080056a5   Thumb Code     4  stm32f10x_tim.o(.text)
    TIM_SetCompare3                          0x080056a9   Thumb Code     4  stm32f10x_tim.o(.text)
    TIM_SetCompare4                          0x080056ad   Thumb Code     6  stm32f10x_tim.o(.text)
    TIM_SetClockDivision                     0x080056b3   Thumb Code    18  stm32f10x_tim.o(.text)
    TIM_GetCapture1                          0x080056c5   Thumb Code     6  stm32f10x_tim.o(.text)
    TIM_GetCapture2                          0x080056cb   Thumb Code     6  stm32f10x_tim.o(.text)
    TIM_GetCapture3                          0x080056d1   Thumb Code     6  stm32f10x_tim.o(.text)
    TIM_GetCapture4                          0x080056d7   Thumb Code     8  stm32f10x_tim.o(.text)
    TIM_GetCounter                           0x080056df   Thumb Code     6  stm32f10x_tim.o(.text)
    TIM_GetPrescaler                         0x080056e5   Thumb Code     6  stm32f10x_tim.o(.text)
    TIM_GetFlagStatus                        0x080056eb   Thumb Code    18  stm32f10x_tim.o(.text)
    TIM_ClearFlag                            0x080056fd   Thumb Code     6  stm32f10x_tim.o(.text)
    TIM_GetITStatus                          0x08005703   Thumb Code    34  stm32f10x_tim.o(.text)
    TIM_ClearITPendingBit                    0x08005725   Thumb Code     6  stm32f10x_tim.o(.text)
    FLASH_SetLatency                         0x0800572d   Thumb Code    18  stm32f10x_flash.o(.text)
    FLASH_HalfCycleAccessCmd                 0x0800573f   Thumb Code    22  stm32f10x_flash.o(.text)
    FLASH_PrefetchBufferCmd                  0x08005755   Thumb Code    22  stm32f10x_flash.o(.text)
    FLASH_Unlock                             0x0800576b   Thumb Code    12  stm32f10x_flash.o(.text)
    FLASH_UnlockBank1                        0x08005777   Thumb Code    12  stm32f10x_flash.o(.text)
    FLASH_Lock                               0x08005783   Thumb Code    14  stm32f10x_flash.o(.text)
    FLASH_LockBank1                          0x08005791   Thumb Code    14  stm32f10x_flash.o(.text)
    FLASH_GetBank1Status                     0x0800579f   Thumb Code    48  stm32f10x_flash.o(.text)
    FLASH_WaitForLastOperation               0x080057cf   Thumb Code    38  stm32f10x_flash.o(.text)
    FLASH_ErasePage                          0x080057f5   Thumb Code    72  stm32f10x_flash.o(.text)
    FLASH_EraseAllPages                      0x0800583d   Thumb Code    68  stm32f10x_flash.o(.text)
    FLASH_WaitForLastBank1Operation          0x08005881   Thumb Code    38  stm32f10x_flash.o(.text)
    FLASH_EraseAllBank1Pages                 0x080058a7   Thumb Code    68  stm32f10x_flash.o(.text)
    FLASH_GetReadOutProtectionStatus         0x080058eb   Thumb Code    20  stm32f10x_flash.o(.text)
    FLASH_EraseOptionBytes                   0x080058ff   Thumb Code   150  stm32f10x_flash.o(.text)
    FLASH_ProgramWord                        0x08005995   Thumb Code   102  stm32f10x_flash.o(.text)
    FLASH_ProgramHalfWord                    0x080059fb   Thumb Code    60  stm32f10x_flash.o(.text)
    FLASH_ProgramOptionByteData              0x08005a37   Thumb Code    72  stm32f10x_flash.o(.text)
    FLASH_EnableWriteProtection              0x08005a7f   Thumb Code   200  stm32f10x_flash.o(.text)
    FLASH_ReadOutProtection                  0x08005b47   Thumb Code   156  stm32f10x_flash.o(.text)
    FLASH_UserOptionByteConfig               0x08005be3   Thumb Code    88  stm32f10x_flash.o(.text)
    FLASH_GetUserOptionByte                  0x08005c3b   Thumb Code     8  stm32f10x_flash.o(.text)
    FLASH_GetWriteProtectionOptionByte       0x08005c43   Thumb Code     6  stm32f10x_flash.o(.text)
    FLASH_GetPrefetchBufferStatus            0x08005c49   Thumb Code    20  stm32f10x_flash.o(.text)
    FLASH_ITConfig                           0x08005c5d   Thumb Code    26  stm32f10x_flash.o(.text)
    FLASH_GetFlagStatus                      0x08005c77   Thumb Code    42  stm32f10x_flash.o(.text)
    FLASH_ClearFlag                          0x08005ca1   Thumb Code     6  stm32f10x_flash.o(.text)
    FLASH_GetStatus                          0x08005ca7   Thumb Code    48  stm32f10x_flash.o(.text)
    RCC_DeInit                               0x08005ce9   Thumb Code    64  stm32f10x_rcc.o(.text)
    RCC_HSEConfig                            0x08005d29   Thumb Code    70  stm32f10x_rcc.o(.text)
    RCC_GetFlagStatus                        0x08005d6f   Thumb Code    56  stm32f10x_rcc.o(.text)
    RCC_WaitForHSEStartUp                    0x08005da7   Thumb Code    56  stm32f10x_rcc.o(.text)
    RCC_AdjustHSICalibrationValue            0x08005ddf   Thumb Code    20  stm32f10x_rcc.o(.text)
    RCC_HSICmd                               0x08005df3   Thumb Code     6  stm32f10x_rcc.o(.text)
    RCC_PLLConfig                            0x08005df9   Thumb Code    24  stm32f10x_rcc.o(.text)
    RCC_PLLCmd                               0x08005e11   Thumb Code     6  stm32f10x_rcc.o(.text)
    RCC_SYSCLKConfig                         0x08005e17   Thumb Code    18  stm32f10x_rcc.o(.text)
    RCC_GetSYSCLKSource                      0x08005e29   Thumb Code    10  stm32f10x_rcc.o(.text)
    RCC_HCLKConfig                           0x08005e33   Thumb Code    18  stm32f10x_rcc.o(.text)
    RCC_PCLK1Config                          0x08005e45   Thumb Code    18  stm32f10x_rcc.o(.text)
    RCC_PCLK2Config                          0x08005e57   Thumb Code    20  stm32f10x_rcc.o(.text)
    RCC_ITConfig                             0x08005e6b   Thumb Code    26  stm32f10x_rcc.o(.text)
    RCC_USBCLKConfig                         0x08005e85   Thumb Code     8  stm32f10x_rcc.o(.text)
    RCC_ADCCLKConfig                         0x08005e8d   Thumb Code    18  stm32f10x_rcc.o(.text)
    RCC_LSEConfig                            0x08005e9f   Thumb Code    50  stm32f10x_rcc.o(.text)
    RCC_LSICmd                               0x08005ed1   Thumb Code     6  stm32f10x_rcc.o(.text)
    RCC_RTCCLKConfig                         0x08005ed7   Thumb Code    12  stm32f10x_rcc.o(.text)
    RCC_RTCCLKCmd                            0x08005ee3   Thumb Code     8  stm32f10x_rcc.o(.text)
    RCC_GetClocksFreq                        0x08005eeb   Thumb Code   192  stm32f10x_rcc.o(.text)
    RCC_AHBPeriphClockCmd                    0x08005fab   Thumb Code    26  stm32f10x_rcc.o(.text)
    RCC_APB2PeriphClockCmd                   0x08005fc5   Thumb Code    26  stm32f10x_rcc.o(.text)
    RCC_APB1PeriphClockCmd                   0x08005fdf   Thumb Code    26  stm32f10x_rcc.o(.text)
    RCC_APB2PeriphResetCmd                   0x08005ff9   Thumb Code    26  stm32f10x_rcc.o(.text)
    RCC_APB1PeriphResetCmd                   0x08006013   Thumb Code    26  stm32f10x_rcc.o(.text)
    RCC_BackupResetCmd                       0x0800602d   Thumb Code     8  stm32f10x_rcc.o(.text)
    RCC_ClockSecuritySystemCmd               0x08006035   Thumb Code     6  stm32f10x_rcc.o(.text)
    RCC_MCOConfig                            0x0800603b   Thumb Code     6  stm32f10x_rcc.o(.text)
    RCC_ClearFlag                            0x08006041   Thumb Code    14  stm32f10x_rcc.o(.text)
    RCC_GetITStatus                          0x0800604f   Thumb Code    20  stm32f10x_rcc.o(.text)
    RCC_ClearITPendingBit                    0x08006063   Thumb Code     6  stm32f10x_rcc.o(.text)
    fifo_write_ch                            0x08006b31   Thumb Code    44  mavlink_usart_fifo.o(.text)
    serial_write_buf                         0x08006b5d   Thumb Code    52  mavlink_usart_fifo.o(.text)
    fifo_init                                0x08006efd   Thumb Code    34  mavlink_usart_fifo.o(.text)
    mavlink_init                             0x08006f1f   Thumb Code    24  mavlink_usart_fifo.o(.text)
    fifo_read_ch                             0x08006f37   Thumb Code    44  mavlink_usart_fifo.o(.text)
    fifo_free                                0x08006f63   Thumb Code    34  mavlink_usart_fifo.o(.text)
    fifo_used                                0x08006f85   Thumb Code    34  mavlink_usart_fifo.o(.text)
    serial_read_ch                           0x08006fa7   Thumb Code    16  mavlink_usart_fifo.o(.text)
    serial_free                              0x08006fb7   Thumb Code    10  mavlink_usart_fifo.o(.text)
    serial_available                         0x08006fc1   Thumb Code    10  mavlink_usart_fifo.o(.text)
    USART2_IRQHandler                        0x08006fcb   Thumb Code    98  mavlink_usart_fifo.o(.text)
    USB_Init                                 0x08007041   Thumb Code    42  usb_hw.o(.text)
    USB_Reset                                0x0800706b   Thumb Code    98  usb_hw.o(.text)
    EP_Reset                                 0x080070cd   Thumb Code    58  usb_hw.o(.text)
    USB_Connect                              0x08007107   Thumb Code    78  usb_hw.o(.text)
    USB_ConfigEP                             0x08007155   Thumb Code   172  usb_hw.o(.text)
    EP_Status                                0x08007201   Thumb Code    70  usb_hw.o(.text)
    USB_ResetEP                              0x08007247   Thumb Code    12  usb_hw.o(.text)
    USB_SetStallEP                           0x08007253   Thumb Code    16  usb_hw.o(.text)
    USB_EnableEP                             0x08007263   Thumb Code    16  usb_hw.o(.text)
    USB_DisableEP                            0x08007273   Thumb Code    14  usb_hw.o(.text)
    USB_ClrStallEP                           0x08007281   Thumb Code    16  usb_hw.o(.text)
    USB_SetAddress                           0x08007291   Thumb Code    12  usb_hw.o(.text)
    USB_ReadEP                               0x0800729d   Thumb Code    88  usb_hw.o(.text)
    USB_WriteEP                              0x080072f5   Thumb Code    82  usb_hw.o(.text)
    USB_Suspend                              0x08007347   Thumb Code    28  usb_hw.o(.text)
    USB_WakeUp                               0x08007363   Thumb Code    30  usb_hw.o(.text)
    USB_LP_CAN1_RX0_IRQHandler               0x08007381   Thumb Code   258  usb_hw.o(.text)
    USB_ResetCore                            0x08007489   Thumb Code    30  usbcore.o(.text)
    USB_SetupStage                           0x080074a7   Thumb Code    14  usbcore.o(.text)
    USB_StatusInStage                        0x080074b5   Thumb Code    14  usbcore.o(.text)
    USB_StatusOutStage                       0x080074c3   Thumb Code    14  usbcore.o(.text)
    USB_DataInStage                          0x080074d1   Thumb Code    52  usbcore.o(.text)
    USB_DataOutStage                         0x08007505   Thumb Code    36  usbcore.o(.text)
    USB_EndPoint0                            0x08007b91   Thumb Code   556  usbcore.o(.text)
    USB_EndPoint1                            0x08007f55   Thumb Code    26  usbuser.o(.text)
    __aeabi_memcpy                           0x08007f6f   Thumb Code    36  memcpya.o(.text)
    __aeabi_memcpy4                          0x08007f6f   Thumb Code     0  memcpya.o(.text)
    __aeabi_memcpy8                          0x08007f6f   Thumb Code     0  memcpya.o(.text)
    strlen                                   0x08007f93   Thumb Code    14  strlen.o(.text)
    strcpy                                   0x08007fa1   Thumb Code    18  strcpy.o(.text)
    __aeabi_fadd                             0x08007fb3   Thumb Code   164  fadd.o(.text)
    __aeabi_fsub                             0x08008057   Thumb Code     6  fadd.o(.text)
    __aeabi_frsub                            0x0800805d   Thumb Code     6  fadd.o(.text)
    __aeabi_fmul                             0x08008063   Thumb Code   100  fmul.o(.text)
    __aeabi_fdiv                             0x080080c7   Thumb Code   124  fdiv.o(.text)
    __aeabi_dadd                             0x08008143   Thumb Code   322  dadd.o(.text)
    __aeabi_dsub                             0x08008285   Thumb Code     6  dadd.o(.text)
    __aeabi_drsub                            0x0800828b   Thumb Code     6  dadd.o(.text)
    __aeabi_dmul                             0x08008291   Thumb Code   228  dmul.o(.text)
    __aeabi_ddiv                             0x08008375   Thumb Code   222  ddiv.o(.text)
    __aeabi_i2d                              0x08008453   Thumb Code    34  dflti.o(.text)
    __aeabi_ui2d                             0x08008475   Thumb Code    26  dfltui.o(.text)
    __aeabi_f2uiz                            0x0800848f   Thumb Code    40  ffixui.o(.text)
    __aeabi_d2iz                             0x080084b7   Thumb Code    62  dfixi.o(.text)
    __aeabi_d2uiz                            0x080084f5   Thumb Code    50  dfixui.o(.text)
    __aeabi_f2d                              0x08008527   Thumb Code    38  f2d.o(.text)
    __aeabi_d2f                              0x0800854d   Thumb Code    56  d2f.o(.text)
    __aeabi_cfcmpeq                          0x08008585   Thumb Code     0  cfcmple.o(.text)
    __aeabi_cfcmple                          0x08008585   Thumb Code    20  cfcmple.o(.text)
    __aeabi_cfrcmple                         0x08008599   Thumb Code    20  cfrcmple.o(.text)
    __aeabi_uldivmod                         0x080085ad   Thumb Code    98  uldiv.o(.text)
    __aeabi_llsl                             0x0800860f   Thumb Code    30  llshl.o(.text)
    _ll_shift_l                              0x0800860f   Thumb Code     0  llshl.o(.text)
    __aeabi_llsr                             0x0800862d   Thumb Code    32  llushr.o(.text)
    _ll_ushift_r                             0x0800862d   Thumb Code     0  llushr.o(.text)
    __aeabi_lasr                             0x0800864d   Thumb Code    36  llsshr.o(.text)
    _ll_sshift_r                             0x0800864d   Thumb Code     0  llsshr.o(.text)
    __I$use$fp                               0x08008671   Thumb Code     0  iusefp.o(.text)
    _float_round                             0x08008671   Thumb Code    18  fepilogue.o(.text)
    _float_epilogue                          0x08008683   Thumb Code    92  fepilogue.o(.text)
    _fsqrt                                   0x080086df   Thumb Code    94  fsqrt.o(.text)
    _double_round                            0x0800873d   Thumb Code    30  depilogue.o(.text)
    _double_epilogue                         0x0800875b   Thumb Code   156  depilogue.o(.text)
    __ARM_scalbn                             0x080087f7   Thumb Code    46  dscalb.o(.text)
    scalbn                                   0x080087f7   Thumb Code     0  dscalb.o(.text)
    __scatterload                            0x08008825   Thumb Code    28  init.o(.text)
    __scatterload_rt2                        0x08008825   Thumb Code     0  init.o(.text)
    __ARM_scalbnf                            0x08008849   Thumb Code    24  fscalb.o(.text)
    scalbnf                                  0x08008849   Thumb Code     0  fscalb.o(.text)
    _dsqrt                                   0x08008861   Thumb Code   162  dsqrt.o(.text)
    __decompress                             0x08008903   Thumb Code     0  __dczerorl2.o(.text)
    __decompress1                            0x08008903   Thumb Code    86  __dczerorl2.o(.text)
    __0printf$5                              0x08008959   Thumb Code    22  printf5.o(i.__0printf$5)
    __1printf$5                              0x08008959   Thumb Code     0  printf5.o(i.__0printf$5)
    __2printf                                0x08008959   Thumb Code     0  printf5.o(i.__0printf$5)
    __ARM_fpclassify                         0x08008979   Thumb Code    40  fpclassify.o(i.__ARM_fpclassify)
    __ARM_fpclassifyf                        0x080089a1   Thumb Code    38  fpclassifyf.o(i.__ARM_fpclassifyf)
    __ieee754_rem_pio2                       0x080089c9   Thumb Code   828  rred.o(i.__ieee754_rem_pio2)
    __kernel_cos                             0x08008d51   Thumb Code   230  cos_i.o(i.__kernel_cos)
    __kernel_poly                            0x08008e4d   Thumb Code   170  poly.o(i.__kernel_poly)
    __kernel_sin                             0x08008ef9   Thumb Code   224  sin_i.o(i.__kernel_sin)
    __mathlib_dbl_infnan                     0x08008fe5   Thumb Code     6  dunder.o(i.__mathlib_dbl_infnan)
    __mathlib_dbl_invalid                    0x08008feb   Thumb Code    12  dunder.o(i.__mathlib_dbl_invalid)
    __mathlib_dbl_underflow                  0x08008ff9   Thumb Code    10  dunder.o(i.__mathlib_dbl_underflow)
    __mathlib_flt_infnan2                    0x08009009   Thumb Code     4  funder.o(i.__mathlib_flt_infnan2)
    __mathlib_flt_underflow                  0x0800900d   Thumb Code    10  funder.o(i.__mathlib_flt_underflow)
    __scatterload_copy                       0x08009017   Thumb Code    14  handlers.o(i.__scatterload_copy)
    __scatterload_null                       0x08009025   Thumb Code     2  handlers.o(i.__scatterload_null)
    __scatterload_zeroinit                   0x08009027   Thumb Code    14  handlers.o(i.__scatterload_zeroinit)
    __set_errno                              0x08009035   Thumb Code     6  errno.o(i.__set_errno)
    asin                                     0x08009301   Thumb Code   572  asin.o(i.asin)
    atan2f                                   0x08009571   Thumb Code   528  atan2f.o(i.atan2f)
    cos                                      0x080097cd   Thumb Code   148  cos.o(i.cos)
    sin                                      0x08009869   Thumb Code   150  sin.o(i.sin)
    sqrt                                     0x08009909   Thumb Code    76  sqrt.o(i.sqrt)
    sqrtf                                    0x08009955   Thumb Code    44  sqrtf.o(i.sqrtf)
    crc8tab                                  0x08009980   Data         256  crsf.o(.constdata)
    crsf_id                                  0x08009a80   Data          15  crsf.o(.constdata)
    ascii_1206                               0x08009a8f   Data        1140  lcd.o(.constdata)
    ascii_1608                               0x08009f03   Data        1520  lcd.o(.constdata)
    ascii_2412                               0x0800a4f3   Data        4560  lcd.o(.constdata)
    ascii_3216                               0x0800b6c3   Data        6080  lcd.o(.constdata)
    tfont12                                  0x0800ce83   Data        4030  lcd.o(.constdata)
    tfont16                                  0x0800de41   Data         680  lcd.o(.constdata)
    tfont24                                  0x0800e0e9   Data           3  lcd.o(.constdata)
    tfont32                                  0x0800e0ec   Data           3  lcd.o(.constdata)
    beep_freq_map                            0x0800e0f0   Data          42  pwm.o(.constdata)
    USB_DeviceDescriptor                     0x0800e21a   Data          18  usbdesc.o(.constdata)
    HID_ReportDescriptor                     0x0800e22c   Data         173  usbdesc.o(.constdata)
    HID_ReportDescriptor_222222              0x0800e2d9   Data          95  usbdesc.o(.constdata)
    HID_ReportDescSize                       0x0800e338   Data           2  usbdesc.o(.constdata)
    USB_ConfigDescriptor                     0x0800e33a   Data          35  usbdesc.o(.constdata)
    USB_StringDescriptor                     0x0800e35d   Data         100  usbdesc.o(.constdata)
    USB_P_EP                                 0x0800e3c4   Data          64  usbuser.o(.constdata)
    Region$$Table$$Base                      0x0800e578   Number         0  anon$$obj.o(Region$$Table)
    Region$$Table$$Limit                     0x0800e598   Number         0  anon$$obj.o(Region$$Table)
    ui_1hz                                   0x20000000   Data           1  main.o(.data)
    ui_10hz                                  0x20000001   Data           1  main.o(.data)
    ui_20hz                                  0x20000002   Data           1  main.o(.data)
    ui_100hz                                 0x20000003   Data           1  main.o(.data)
    tsk                                      0x20000004   Data           1  main.o(.data)
    tsk_1hz                                  0x20000005   Data           1  main.o(.data)
    tsk_10hz                                 0x20000006   Data           1  main.o(.data)
    tsk_20hz                                 0x20000007   Data           1  main.o(.data)
    tsk_100hz                                0x20000008   Data           1  main.o(.data)
    time3                                    0x20000009   Data           1  main.o(.data)
    time1                                    0x2000000a   Data           1  main.o(.data)
    second                                   0x2000000c   Data           4  main.o(.data)
    battery                                  0x20000010   Data           2  main.o(.data)
    time_10ms                                0x20000014   Data           4  main.o(.data)
    time_use1                                0x20000018   Data           1  main.o(.data)
    time_10ms2                               0x2000001c   Data           4  main.o(.data)
    time_use2                                0x20000020   Data           1  main.o(.data)
    time_10ms3                               0x20000024   Data           4  main.o(.data)
    time_use3                                0x20000028   Data           1  main.o(.data)
    time_100ms                               0x2000002c   Data           4  main.o(.data)
    ppm_connected                            0x20000030   Data           1  main.o(.data)
    sbus_connected                           0x20000031   Data           1  main.o(.data)
    crsf_connected                           0x20000032   Data           1  main.o(.data)
    elrs_connected                           0x20000033   Data           1  main.o(.data)
    elrs_back_connected                      0x20000034   Data           1  main.o(.data)
    led_time                                 0x20000035   Data           1  main.o(.data)
    led_time0                                0x20000036   Data           1  main.o(.data)
    led_enable                               0x20000037   Data           1  main.o(.data)
    adc_enable                               0x20000038   Data           1  main.o(.data)
    input_type                               0x20000039   Data           1  main.o(.data)
    beep_flag                                0x2000003a   Data           1  main.o(.data)
    usb_flag                                 0x2000003b   Data           1  main.o(.data)
    out_mode_temp                            0x2000003c   Data           1  main.o(.data)
    beep_enable                              0x2000003d   Data           1  main.o(.data)
    bat_vol                                  0x2000003e   Data           2  main.o(.data)
    UP                                       0x20000040   Data           1  main.o(.data)
    DOWN                                     0x20000041   Data           1  main.o(.data)
    LEFT                                     0x20000042   Data           1  main.o(.data)
    RIGHT                                    0x20000043   Data           1  main.o(.data)
    ESC                                      0x20000044   Data           1  main.o(.data)
    OK                                       0x20000045   Data           1  main.o(.data)
    ESC_release                              0x20000046   Data           1  main.o(.data)
    OK_release                               0x20000047   Data           1  main.o(.data)
    fps                                      0x20000048   Data           1  main.o(.data)
    fps_temp                                 0x20000049   Data           1  main.o(.data)
    first_splash                             0x2000004a   Data           1  main.o(.data)
    ui_flag                                  0x2000004b   Data           3  main.o(.data)
    ui_current                               0x2000004e   Data           1  main.o(.data)
    ui_menu_edit                             0x2000004f   Data           1  main.o(.data)
    ui_menu_flag                             0x20000050   Data           1  main.o(.data)
    ui_select_flag                           0x20000051   Data           1  main.o(.data)
    theme                                    0x20000052   Data           1  main.o(.data)
    save_flag                                0x20000053   Data           1  main.o(.data)
    save_time                                0x20000054   Data           1  main.o(.data)
    bkg_type                                 0x20000055   Data           1  main.o(.data)
    lcd_dir                                  0x20000056   Data           1  main.o(.data)
    lcd_mirror                               0x20000057   Data           1  main.o(.data)
    mavlink_buad                             0x20000058   Data           2  main.o(.data)
    out_mode                                 0x2000005a   Data           1  main.o(.data)
    ch_map                                   0x2000005b   Data          16  main.o(.data)
    ch_min                                   0x2000006c   Data          32  main.o(.data)
    ch_max                                   0x2000008c   Data          32  main.o(.data)
    CH_input                                 0x200000ac   Data          32  main.o(.data)
    CH_out                                   0x200000cc   Data          32  main.o(.data)
    output_map                               0x200000ec   Data          16  main.o(.data)
    output_max                               0x200000fc   Data          16  main.o(.data)
    output_min                               0x2000010c   Data          16  main.o(.data)
    tele_flag                                0x2000011c   Data           1  main.o(.data)
    hud_roll                                 0x2000011e   Data           2  main.o(.data)
    hud_pitch                                0x20000120   Data           2  main.o(.data)
    hud_yaw                                  0x20000122   Data           2  main.o(.data)
    hud_alt                                  0x20000124   Data           2  main.o(.data)
    hud_groundspeed                          0x20000126   Data           2  main.o(.data)
    hud_airspeed                             0x20000128   Data           2  main.o(.data)
    hud_gps                                  0x2000012a   Data           1  main.o(.data)
    hud_bat                                  0x2000012c   Data           2  main.o(.data)
    hud_cur                                  0x2000012e   Data           2  main.o(.data)
    hud_signal                               0x20000130   Data           1  main.o(.data)
    hud_lantitude                            0x20000134   Data           4  main.o(.data)
    hud_longitude                            0x20000138   Data           4  main.o(.data)
    hud_data_type                            0x2000013c   Data           1  main.o(.data)
    gyro_connected                           0x2000013d   Data           1  main.o(.data)
    tx_signal                                0x2000013e   Data           1  main.o(.data)
    rx_signal                                0x2000013f   Data           1  main.o(.data)
    mavlink_flag                             0x20000140   Data           1  main.o(.data)
    mavlink_connected                        0x20000141   Data           1  main.o(.data)
    Ax                                       0x20000142   Data           2  main.o(.data)
    Ay                                       0x20000144   Data           2  main.o(.data)
    Az                                       0x20000146   Data           2  main.o(.data)
    mavlink_enable                           0x20000148   Data           1  main.o(.data)
    ips_type                                 0x20000149   Data           1  main.o(.data)
    sbus_sta                                 0x2000014a   Data           1  sbus.o(.data)
    sbus_status                              0x2000014b   Data           1  sbus.o(.data)
    USART1_RX_STA                            0x2000014c   Data           2  sbus.o(.data)
    CRSF_RC_start                            0x2000014e   Data           1  sbus.o(.data)
    crsf_rc_len                              0x2000014f   Data           1  sbus.o(.data)
    CRSF_package                             0x20000150   Data          26  crsf.o(.data)
    crsf_tx                                  0x2000016a   Data           1  crsf.o(.data)
    param_buf                                0x2000016b   Data           8  crsf.o(.data)
    crsf_param_flag                          0x20000173   Data           1  crsf.o(.data)
    crsf_param_buf                           0x20000174   Data           1  crsf.o(.data)
    elrs_param                               0x20000175   Data           1  crsf.o(.data)
    elrs_value                               0x20000176   Data           1  crsf.o(.data)
    crsf_pitch                               0x20000178   Data           2  crsf.o(.data)
    crsf_roll                                0x2000017a   Data           2  crsf.o(.data)
    crsf_yaw                                 0x2000017c   Data           2  crsf.o(.data)
    crsf_bat                                 0x2000017e   Data           2  crsf.o(.data)
    crsf_cur                                 0x20000180   Data           2  crsf.o(.data)
    crsf_capacity                            0x20000182   Data           2  crsf.o(.data)
    crsf_remaining                           0x20000184   Data           1  crsf.o(.data)
    crsf_flight_mode                         0x20000185   Data           1  crsf.o(.data)
    crsf_latitude                            0x20000188   Data           4  crsf.o(.data)
    crsf_longitude                           0x2000018c   Data           4  crsf.o(.data)
    crsf_ground_speed                        0x20000190   Data           2  crsf.o(.data)
    crsf_heading                             0x20000192   Data           2  crsf.o(.data)
    crsf_altitude                            0x20000194   Data           2  crsf.o(.data)
    crsf_satellites                          0x20000196   Data           1  crsf.o(.data)
    crsf_vertical_speed                      0x20000198   Data           2  crsf.o(.data)
    crsf_baro_altitude                       0x2000019a   Data           2  crsf.o(.data)
    crsf_rx_rssi_perc                        0x2000019c   Data           1  crsf.o(.data)
    crsf_tx_rf_power                         0x2000019d   Data           1  crsf.o(.data)
    crsf_tx_rssi_perc                        0x2000019e   Data           1  crsf.o(.data)
    crsf_rx_rf_power                         0x2000019f   Data           1  crsf.o(.data)
    crsf_tx_fps                              0x200001a0   Data           1  crsf.o(.data)
    crsf_tx_rssi                             0x200001a1   Data           1  crsf.o(.data)
    crsf_rx_rssi                             0x200001a2   Data           1  crsf.o(.data)
    crsf_tx_lq                               0x200001a3   Data           1  crsf.o(.data)
    crsf_rx_lq                               0x200001a4   Data           1  crsf.o(.data)
    elrs_rate                                0x200001a5   Data           1  crsf.o(.data)
    elrs_pwr                                 0x200001a6   Data           1  crsf.o(.data)
    crsf_update_interval                     0x200001a8   Data           4  crsf.o(.data)
    crsf_offset                              0x200001ac   Data           4  crsf.o(.data)
    USART3_RX_STA                            0x200001b0   Data           2  crsf.o(.data)
    CRSF_start                               0x200001b2   Data           1  crsf.o(.data)
    CRSF_TLM_flag                            0x200001b3   Data           1  crsf.o(.data)
    crsf_len                                 0x200001b4   Data           1  crsf.o(.data)
    elrs_tlm                                 0x200001b5   Data           1  crsf.o(.data)
    message_time                             0x200001b6   Data           1  system.o(.data)
    adc_mid                                  0x200001b8   Data          16  input.o(.data)
    adc_max                                  0x200001c8   Data          16  input.o(.data)
    bat_adc                                  0x200001d8   Data           2  input.o(.data)
    bat_sum                                  0x200001dc   Data           4  input.o(.data)
    bat_n                                    0x200001e0   Data           1  input.o(.data)
    flag1                                    0x200001e1   Data           1  input.o(.data)
    flag2                                    0x200001e2   Data           1  input.o(.data)
    count1                                   0x200001e3   Data           1  input.o(.data)
    count2                                   0x200001e4   Data           1  input.o(.data)
    remote_ctrl                              0x200001e5   Data           1  input.o(.data)
    ppm_sta                                  0x200001e6   Data           1  ppm.o(.data)
    ppm_status                               0x200001e7   Data           1  ppm.o(.data)
    ppm_sum                                  0x200001e8   Data           2  ppm.o(.data)
    ppm_count                                0x200001ea   Data           1  ppm.o(.data)
    beep_queue_seq                           0x200001f0   Data           1  pwm.o(.data)
    beep_queue_flag                          0x200001f1   Data           1  pwm.o(.data)
    beep_freq_temp                           0x200001f2   Data           2  pwm.o(.data)
    SystemCoreClock                          0x200001f4   Data           4  system_stm32f10x.o(.data)
    AHBPrescTable                            0x200001f8   Data          16  system_stm32f10x.o(.data)
    __stdout                                 0x20000208   Data           4  usart.o(.data)
    USART_RX_STA                             0x2000020c   Data           2  usart.o(.data)
    pBUF_DSCR                                0x20000224   Data           4  usb_hw.o(.data)
    FreeBufAddr                              0x20000228   Data           2  usb_hw.o(.data)
    USB_Configuration                        0x2000022f   Data           1  usbcore.o(.data)
    SetupPacket                              0x20000239   Data           8  usbcore.o(.data)
    EP0Data                                  0x20000244   Data           8  usbcore.o(.data)
    packet                                   0x20000250   Data          25  sbus.o(.bss)
    sbus_value                               0x2000026a   Data          32  sbus.o(.bss)
    crsf_value                               0x2000028a   Data          32  sbus.o(.bss)
    crsf_rc_buf                              0x200002aa   Data          30  sbus.o(.bss)
    sbus_buf                                 0x200002c8   Data          25  sbus.o(.bss)
    CRSF_TLM_buf                             0x200002e1   Data          30  crsf.o(.bss)
    CRSF_ID                                  0x200002ff   Data          15  crsf.o(.bss)
    CRSF_rate                                0x2000030e   Data          15  crsf.o(.bss)
    CRSF_rate_temp                           0x2000031d   Data          15  crsf.o(.bss)
    sendbuf                                  0x2000032c   Data          13  usb.o(.bss)
    message_str                              0x20000339   Data          32  system.o(.bss)
    gram                                     0x2000035a   Data       25600  lcd.o(.bss)
    ppm_value                                0x2000675a   Data          16  ppm.o(.bss)
    beep_queue_index                         0x2000676a   Data          80  pwm.o(.bss)
    uart_rx_fifo                             0x200067bc   Data          12  mavlink_usart_fifo.o(.bss)
    uart_tx_fifo                             0x200067c8   Data          12  mavlink_usart_fifo.o(.bss)
    uart_tx_buf                              0x200067d4   Data         200  mavlink_usart_fifo.o(.bss)
    uart_rx_buf                              0x2000689c   Data         200  mavlink_usart_fifo.o(.bss)
    mavlink_system                           0x20006964   Data           9  mavlink_usart_fifo.o(.bss)
    EP0Buf                                   0x20006dde   Data          16  usbcore.o(.bss)
    __initial_sp                             0x20007600   Data           0  startup_stm32f10x_hd.o(STACK)



==============================================================================

Image component sizes


      Code (inc. data)   RO Data    RW Data    ZI Data      Debug   Object Name

       204         12          0          0          0        727   adc.o
      2148        312        271        102         75     210184   crsf.o
       212         18          0          4          0        967   delay.o
       128         18          0          0          0        484   gpio.o
      1544        198          0         46          0       2812   input.o
      3488         52      18016          0      25600      12161   lcd.o
       860         12          0          0          0       2128   lcd_init.o
       688        110          0        330          0     283340   main.o
         0          0          0          0          0       3632   mavlink.o
      4020         62        256          0       1570      12850   mavlink_usart_fifo.o
       220         22          0          0          0       1721   misc.o
       416         18          0          5         16       1696   ppm.o
       544         46         42          4         80       2466   pwm.o
      1092         52          0          6        145       1962   sbus.o
       144         10          0          0          0        520   spi.o
        36          8        304          0       2064        756   startup_stm32f10x_hd.o
      1102         26          0          0          0      10965   stm32f10x_adc.o
      1468         34          0          0          0       8130   stm32f10x_flash.o
       860         38          0          0          0       5657   stm32f10x_gpio.o
        26          0          0          0          0       1142   stm32f10x_it.o
       932         36          0         20          0       8800   stm32f10x_rcc.o
       780         14          0          0          0       6538   stm32f10x_spi.o
      3610         88          0          0          0      22764   stm32f10x_tim.o
      1032         22          0          0          0       8380   stm32f10x_usart.o
       356          4          0          0          0       2617   stmflash.o
         0          0          0          0          0         32   sys.o
       860        172          0          1         32       2795   system.o
       480         38          0         20          0       1687   system_stm32f10x.o
       256         10          0          0          0       1248   timer.o
       188          8          0          6          0       2791   usart.o
       344         18          0          0          0       1046   usart3.o
       368         10          0          0         13       1127   usb.o
      1096         50          0          6          0       6781   usb_hw.o
      2764        952          0         32         16       4618   usbcore.o
         0          0        423          0          0       1045   usbdesc.o
        26          0         64          0          0       1235   usbuser.o

    ----------------------------------------------------------------------
     32298       2470      19416        588      29616     637804   Object Totals
         0          0         32          0          0          0   (incl. Generated)
         6          0          8          6          5          0   (incl. Padding)

    ----------------------------------------------------------------------

      Code (inc. data)   RO Data    RW Data    ZI Data      Debug   Library Member Name

       624         52         80          0          0        168   asin.o
       604         76          0          0          0        116   atan2f.o
       156          8          0          0          0        104   cos.o
       252         22         48          0          0        124   cos_i.o
        34          6          0          0          0        204   dunder.o
        40          0          0          0          0         68   fpclassify.o
        38          0          0          0          0         68   fpclassifyf.o
        14          0          0          0          0        136   funder.o
       170          0          0          0          0         96   poly.o
       904         76        200          0          0        140   rred.o
       160         10          0          0          0        108   sin.o
       236         12         40          0          0        128   sin_i.o
        76          0          0          0          0         84   sqrt.o
        44          0          0          0          0         80   sqrtf.o
        86          0          0          0          0          0   __dczerorl2.o
         0          0          0          0          0          0   entry.o
         0          0          0          0          0          0   entry10a.o
         0          0          0          0          0          0   entry11a.o
         8          4          0          0          0          0   entry2.o
         4          0          0          0          0          0   entry5.o
         0          0          0          0          0          0   entry7b.o
         0          0          0          0          0          0   entry8b.o
         8          4          0          0          0          0   entry9a.o
        12          6          0          4          0         68   errno.o
        30          0          0          0          0          0   handlers.o
        36          8          0          0          0         68   init.o
         0          0          0          0          0          0   iusefp.o
        30          0          0          0          0         68   llshl.o
        36          0          0          0          0         68   llsshr.o
        32          0          0          0          0         68   llushr.o
        36          0          0          0          0         68   memcpya.o
       736         56          0          0          0        184   printf5.o
        18          0          0          0          0         68   strcpy.o
        14          0          0          0          0         68   strlen.o
        98          0          0          0          0         92   uldiv.o
        20          0          0          0          0         68   cfcmple.o
        20          0          0          0          0         68   cfrcmple.o
        56          0          0          0          0         88   d2f.o
       334          0          0          0          0        148   dadd.o
       222          0          0          0          0        100   ddiv.o
       186          0          0          0          0        176   depilogue.o
        62          0          0          0          0         80   dfixi.o
        50          0          0          0          0         76   dfixui.o
        34          0          0          0          0         76   dflti.o
        26          0          0          0          0         76   dfltui.o
       228          0          0          0          0         96   dmul.o
        46          0          0          0          0         80   dscalb.o
       162          0          0          0          0        100   dsqrt.o
        38          0          0          0          0         68   f2d.o
       176          0          0          0          0        140   fadd.o
       124          0          0          0          0         88   fdiv.o
       110          0          0          0          0        168   fepilogue.o
        40          0          0          0          0         68   ffixui.o
       100          0          0          0          0         76   fmul.o
        24          0          0          0          0         68   fscalb.o
        94          0          0          0          0         96   fsqrt.o

    ----------------------------------------------------------------------
      6694        340        368          4          0       4448   Library Totals
         6          0          0          0          0          0   (incl. Padding)

    ----------------------------------------------------------------------

      Code (inc. data)   RO Data    RW Data    ZI Data      Debug   Library Name

      3352        262        368          0          0       1624   m_ws.l
      1184         78          0          4          0        820   mc_w.l
      2152          0          0          0          0       2004   mf_w.l

    ----------------------------------------------------------------------
      6694        340        368          4          0       4448   Library Totals

    ----------------------------------------------------------------------

==============================================================================


      Code (inc. data)   RO Data    RW Data    ZI Data      Debug   

     38992       2810      19784        592      29616     637180   Grand Totals
     38992       2810      19784        128      29616     637180   ELF Image Totals (compressed)
     38992       2810      19784        128          0          0   ROM Totals

==============================================================================

    Total RO  Size (Code + RO Data)                58776 (  57.40kB)
    Total RW  Size (RW Data + ZI Data)             30208 (  29.50kB)
    Total ROM Size (Code + RO Data + RW Data)      58904 (  57.52kB)

==============================================================================

