Component: ARM Compiler 5.06 update 5 (build 528) Tool: armlink [4d35e2]

==============================================================================

Image Symbol Table

    Local Symbols

    Symbol Name                              Value     Ov Type        Size  Object(Section)

    ../clib/../cmprslib/zerorunl2.c          0x00000000   Number         0  __dczerorl2.o ABSOLUTE
    ../clib/microlib/division.c              0x00000000   Number         0  uldiv.o ABSOLUTE
    ../clib/microlib/division.c              0x00000000   Number         0  uidiv.o ABSOLUTE
    ../clib/microlib/errno.c                 0x00000000   Number         0  errno.o ABSOLUTE
    ../clib/microlib/init/entry.s            0x00000000   Number         0  entry7a.o ABSOLUTE
    ../clib/microlib/init/entry.s            0x00000000   Number         0  entry8b.o ABSOLUTE
    ../clib/microlib/init/entry.s            0x00000000   Number         0  entry11b.o ABSOLUTE
    ../clib/microlib/init/entry.s            0x00000000   Number         0  entry9a.o ABSOLUTE
    ../clib/microlib/init/entry.s            0x00000000   Number         0  entry.o ABSOLUTE
    ../clib/microlib/init/entry.s            0x00000000   Number         0  entry10a.o ABSOLUTE
    ../clib/microlib/init/entry.s            0x00000000   Number         0  entry5.o ABSOLUTE
    ../clib/microlib/init/entry.s            0x00000000   Number         0  entry11a.o ABSOLUTE
    ../clib/microlib/init/entry.s            0x00000000   Number         0  entry9b.o ABSOLUTE
    ../clib/microlib/init/entry.s            0x00000000   Number         0  entry10b.o ABSOLUTE
    ../clib/microlib/init/entry.s            0x00000000   Number         0  entry8a.o ABSOLUTE
    ../clib/microlib/init/entry.s            0x00000000   Number         0  entry7b.o ABSOLUTE
    ../clib/microlib/init/entry.s            0x00000000   Number         0  entry2.o ABSOLUTE
    ../clib/microlib/longlong.c              0x00000000   Number         0  llshl.o ABSOLUTE
    ../clib/microlib/longlong.c              0x00000000   Number         0  llushr.o ABSOLUTE
    ../clib/microlib/longlong.c              0x00000000   Number         0  llsshr.o ABSOLUTE
    ../clib/microlib/printf/printf.c         0x00000000   Number         0  printf1.o ABSOLUTE
    ../clib/microlib/printf/printf.c         0x00000000   Number         0  printf0.o ABSOLUTE
    ../clib/microlib/printf/printf.c         0x00000000   Number         0  printfb.o ABSOLUTE
    ../clib/microlib/printf/printf.c         0x00000000   Number         0  printf3.o ABSOLUTE
    ../clib/microlib/printf/printf.c         0x00000000   Number         0  printf4.o ABSOLUTE
    ../clib/microlib/printf/printf.c         0x00000000   Number         0  printf5.o ABSOLUTE
    ../clib/microlib/printf/printf.c         0x00000000   Number         0  printf6.o ABSOLUTE
    ../clib/microlib/printf/printf.c         0x00000000   Number         0  printf7.o ABSOLUTE
    ../clib/microlib/printf/printf.c         0x00000000   Number         0  printf8.o ABSOLUTE
    ../clib/microlib/printf/printf.c         0x00000000   Number         0  printfa.o ABSOLUTE
    ../clib/microlib/printf/printf.c         0x00000000   Number         0  printf2.o ABSOLUTE
    ../clib/microlib/printf/stubs.s          0x00000000   Number         0  stubs.o ABSOLUTE
    ../clib/microlib/string/memcpy.c         0x00000000   Number         0  memcpyb.o ABSOLUTE
    ../clib/microlib/string/memcpy.c         0x00000000   Number         0  memcpya.o ABSOLUTE
    ../clib/microlib/string/strcpy.c         0x00000000   Number         0  strcpy.o ABSOLUTE
    ../clib/microlib/stubs.s                 0x00000000   Number         0  iusefp.o ABSOLUTE
    ../clib/microlib/stubs.s                 0x00000000   Number         0  useno.o ABSOLUTE
    ../fplib/microlib/d2f.c                  0x00000000   Number         0  d2f.o ABSOLUTE
    ../fplib/microlib/f2d.c                  0x00000000   Number         0  f2d.o ABSOLUTE
    ../fplib/microlib/fpadd.c                0x00000000   Number         0  fadd.o ABSOLUTE
    ../fplib/microlib/fpadd.c                0x00000000   Number         0  dadd.o ABSOLUTE
    ../fplib/microlib/fpdiv.c                0x00000000   Number         0  ddiv.o ABSOLUTE
    ../fplib/microlib/fpdiv.c                0x00000000   Number         0  fdiv.o ABSOLUTE
    ../fplib/microlib/fpepilogue.c           0x00000000   Number         0  depilogue.o ABSOLUTE
    ../fplib/microlib/fpepilogue.c           0x00000000   Number         0  fepilogue.o ABSOLUTE
    ../fplib/microlib/fpfix.c                0x00000000   Number         0  ffixui.o ABSOLUTE
    ../fplib/microlib/fpfix.c                0x00000000   Number         0  dfixi.o ABSOLUTE
    ../fplib/microlib/fpfix.c                0x00000000   Number         0  dfixul.o ABSOLUTE
    ../fplib/microlib/fpfix.c                0x00000000   Number         0  dfixui.o ABSOLUTE
[...]
    .text                                    0x08007994   Section        0  fadd.o(.text)
    .text                                    0x08007a44   Section        0  fmul.o(.text)
    .text                                    0x08007aa8   Section        0  fdiv.o(.text)
    .text                                    0x08007b24   Section        0  dadd.o(.text)
    .text                                    0x08007c72   Section        0  dmul.o(.text)
    .text                                    0x08007d56   Section        0  ddiv.o(.text)
    .text                                    0x08007e34   Section        0  dflti.o(.text)
    .text                                    0x08007e56   Section        0  dfltui.o(.text)
    .text                                    0x08007e70   Section        0  ffixui.o(.text)
    .text                                    0x08007e98   Section        0  dfixi.o(.text)
    .text                                    0x08007ed6   Section        0  dfixui.o(.text)
    .text                                    0x08007f08   Section        0  f2d.o(.text)
    .text                                    0x08007f2e   Section        0  d2f.o(.text)
    .text                                    0x08007f68   Section       20  cfcmple.o(.text)
    .text                                    0x08007f7c   Section       20  cfrcmple.o(.text)
    .text                                    0x08007f90   Section        0  uldiv.o(.text)
    .text                                    0x08007ff2   Section        0  llshl.o(.text)
    .text                                    0x08008010   Section        0  llushr.o(.text)
    .text                                    0x08008030   Section        0  llsshr.o(.text)
    .text                                    0x08008054   Section        0  iusefp.o(.text)
    .text                                    0x08008054   Section        0  fepilogue.o(.text)
    .text                                    0x080080c2   Section        0  fsqrt.o(.text)
    .text                                    0x08008120   Section        0  depilogue.o(.text)
    .text                                    0x080081da   Section        0  dscalb.o(.text)
    .text                                    0x08008208   Section       36  init.o(.text)
    .text                                    0x0800822c   Section        0  fscalb.o(.text)
    .text                                    0x08008244   Section        0  dsqrt.o(.text)
    .text                                    0x080082e6   Section        0  __dczerorl2.o(.text)
    i.__0printf$5                            0x0800833c   Section        0  printf5.o(i.__0printf$5)
    i.__ARM_fpclassify                       0x0800835c   Section        0  fpclassify.o(i.__ARM_fpclassify)
    i.__ARM_fpclassifyf                      0x08008384   Section        0  fpclassifyf.o(i.__ARM_fpclassifyf)
    i.__ieee754_rem_pio2                     0x080083ac   Section        0  rred.o(i.__ieee754_rem_pio2)
    i.__kernel_cos                           0x08008734   Section        0  cos_i.o(i.__kernel_cos)
    i.__kernel_poly                          0x08008830   Section        0  poly.o(i.__kernel_poly)
    i.__kernel_sin                           0x080088dc   Section        0  sin_i.o(i.__kernel_sin)
    i.__mathlib_dbl_infnan                   0x080089c8   Section        0  dunder.o(i.__mathlib_dbl_infnan)
    i.__mathlib_dbl_invalid                  0x080089ce   Section        0  dunder.o(i.__mathlib_dbl_invalid)
    i.__mathlib_dbl_underflow                0x080089dc   Section        0  dunder.o(i.__mathlib_dbl_underflow)
    i.__mathlib_flt_infnan2                  0x080089ec   Section        0  funder.o(i.__mathlib_flt_infnan2)
    i.__mathlib_flt_underflow                0x080089f0   Section        0  funder.o(i.__mathlib_flt_underflow)
    i.__scatterload_copy                     0x080089fa   Section       14  handlers.o(i.__scatterload_copy)
    i.__scatterload_null                     0x08008a08   Section        2  handlers.o(i.__scatterload_null)
    i.__scatterload_zeroinit                 0x08008a0a   Section       14  handlers.o(i.__scatterload_zeroinit)
    i.__set_errno                            0x08008a18   Section        0  errno.o(i.__set_errno)
    i._printf_core                           0x08008a24   Section        0  printf5.o(i._printf_core)
    _printf_core                             0x08008a25   Thumb Code   658  printf5.o(i._printf_core)
    i.asin                                   0x08008ce4   Section        0  asin.o(i.asin)
    i.atan2f                                 0x08008f54   Section        0  atan2f.o(i.atan2f)
    i.cos                                    0x080091b0   Section        0  cos.o(i.cos)
    i.sin                                    0x0800924c   Section        0  sin.o(i.sin)
    i.sqrt                                   0x080092ec   Section        0  sqrt.o(i.sqrt)
    i.sqrtf                                  0x08009338   Section        0  sqrtf.o(i.sqrtf)
    .constdata                               0x08009364   Section      271  crsf.o(.constdata)
    .constdata                               0x08009473   Section    18016  lcd.o(.constdata)
    .constdata                               0x0800dad3   Section        6  input.o(.constdata)
    .constdata                               0x0800dada   Section       42  pwm.o(.constdata)
    .constdata                               0x0800db04   Section      256  mavlink_usart_fifo.o(.constdata)
    mavlink_message_crcs                     0x0800db04   Data         256  mavlink_usart_fifo.o(.constdata)
    .constdata                               0x0800dc04   Section      423  usbdesc.o(.constdata)
    .constdata                               0x0800ddac   Section       64  usbuser.o(.constdata)
    .constdata                               0x0800ddf0   Section       80  asin.o(.constdata)
    pS                                       0x0800ddf0   Data          48  asin.o(.constdata)
    qS                                       0x0800de20   Data          32  asin.o(.constdata)
    .constdata                               0x0800de40   Section       48  cos_i.o(.constdata)
    C                                        0x0800de40   Data          48  cos_i.o(.constdata)
    .constdata                               0x0800de70   Section      200  rred.o(.constdata)
    pio2s                                    0x0800de70   Data          48  rred.o(.constdata)
    twooverpi                                0x0800dea0   Data         152  rred.o(.constdata)
    .constdata                               0x0800df38   Section       40  sin_i.o(.constdata)
    S                                        0x0800df38   Data          40  sin_i.o(.constdata)
    .data                                    0x20000000   Section      330  main.o(.data)
    .data                                    0x2000014a   Section        2  sbus.o(.data)
    .data                                    0x2000014c   Section      102  crsf.o(.data)
    .data                                    0x200001b2   Section        1  system.o(.data)
    .data                                    0x200001b4   Section       41  input.o(.data)
    .data                                    0x200001de   Section        5  ppm.o(.data)
    .data                                    0x200001e4   Section        4  delay.o(.data)
    fac_us                                   0x200001e4   Data           1  delay.o(.data)
    fac_ms                                   0x200001e6   Data           2  delay.o(.data)
    .data                                    0x200001e8   Section        4  pwm.o(.data)
    .data                                    0x200001ec   Section       20  system_stm32f10x.o(.data)
    .data                                    0x20000200   Section        6  usart.o(.data)
    .data                                    0x20000206   Section       20  stm32f10x_rcc.o(.data)
    APBAHBPrescTable                         0x20000206   Data          16  stm32f10x_rcc.o(.data)
    ADCPrescTable                            0x20000216   Data           4  stm32f10x_rcc.o(.data)
    .data                                    0x2000021c   Section        6  usb_hw.o(.data)
    .data                                    0x20000224   Section       32  usbcore.o(.data)
    USB_DeviceStatus                         0x20000224   Data           2  usbcore.o(.data)
    USB_DeviceAddress                        0x20000226   Data           1  usbcore.o(.data)
    USB_EndPointMask                         0x20000228   Data           4  usbcore.o(.data)
    USB_EndPointHalt                         0x2000022c   Data           4  usbcore.o(.data)
    USB_NumInterfaces                        0x20000230   Data           1  usbcore.o(.data)
    .data                                    0x20000244   Section        4  errno.o(.data)
    _errno                                   0x20000244   Data           4  errno.o(.data)
    .bss                                     0x20000248   Section      112  main.o(.bss)
    .bss                                     0x200002b8   Section       83  sbus.o(.bss)
    .bss                                     0x2000030c   Section      107  crsf.o(.bss)
    .bss                                     0x20000377   Section       13  usb.o(.bss)
    .bss                                     0x20000384   Section       32  system.o(.bss)
    .bss                                     0x200003a4   Section    25600  lcd.o(.bss)
    .bss                                     0x200067a4   Section       52  input.o(.bss)
    .bss                                     0x200067d8   Section       16  ppm.o(.bss)
    .bss                                     0x200067e8   Section       80  pwm.o(.bss)
    .bss                                     0x20006838   Section     1570  mavlink_usart_fifo.o(.bss)
    m_mavlink_status                         0x200069ea   Data          48  mavlink_usart_fifo.o(.bss)
    m_mavlink_buffer                         0x20006a1a   Data        1088  mavlink_usart_fifo.o(.bss)
    .bss                                     0x20006e5a   Section       16  usbcore.o(.bss)
    STACK                                    0x20006e70   Section     2064  startup_stm32f10x_hd.o(STACK)

    Global Symbols

    Symbol Name                              Value     Ov Type        Size  Object(Section)

    BuildAttributes$$THM_ISAv4$P$D$K$B$S$PE$A:L22UL41UL21$X:L11$S22US41US21$IEEE1$IW$USESV6$~STKCKD$USESV7$~SHL$OTIME$ROPI$IEEEX$EBA8$MICROLIB$REQ8$PRES8$EABIv2 0x00000000   Number         0  anon$$obj.o ABSOLUTE
    __ARM_use_no_argv                        0x00000000   Number         0  main.o ABSOLUTE
    __use_no_errno                           0x00000000   Number         0  useno.o ABSOLUTE
    __use_no_exception_handling              0x00000000   Number         0  useno.o ABSOLUTE
    __use_no_fp                              0x00000000   Number         0  useno.o ABSOLUTE
    __use_no_heap                            0x00000000   Number         0  useno.o ABSOLUTE
    __use_no_heap_region                     0x00000000   Number         0  useno.o ABSOLUTE
    __use_no_semihosting                     0x00000000   Number         0  useno.o ABSOLUTE
    __use_no_semihosting_swi                 0x00000000   Number         0  useno.o ABSOLUTE
    __use_no_signal_handling                 0x00000000   Number         0  useno.o ABSOLUTE
    _printf_a                                0x00000000   Number         0  stubs.o ABSOLUTE
    _printf_c                                0x00000000   Number         0  stubs.o ABSOLUTE
    _printf_charcount                        0x00000000   Number         0  stubs.o ABSOLUTE
    _printf_d                                0x00000000   Number         0  stubs.o ABSOLUTE
    _printf_e                                0x00000000   Number         0  stubs.o ABSOLUTE
    _printf_f                                0x00000000   Number         0  stubs.o ABSOLUTE
    _printf_flags                            0x00000000   Number         0  stubs.o ABSOLUTE
    _printf_fp_dec                           0x00000000   Number         0  stubs.o ABSOLUTE
    _printf_fp_hex                           0x00000000   Number         0  stubs.o ABSOLUTE
    _printf_g                                0x00000000   Number         0  stubs.o ABSOLUTE
    _printf_i                                0x00000000   Number         0  stubs.o ABSOLUTE
    _printf_int_dec                          0x00000000   Number         0  stubs.o ABSOLUTE
    _printf_l                                0x00000000   Number         0  stubs.o ABSOLUTE
    _printf_lc                               0x00000000   Number         0  stubs.o ABSOLUTE
    _printf_ll                               0x00000000   Number         0  stubs.o ABSOLUTE
    _printf_lld                              0x00000000   Number         0  stubs.o ABSOLUTE
    _printf_lli                              0x00000000   Number         0  stubs.o ABSOLUTE
    _printf_llo                              0x00000000   Number         0  stubs.o ABSOLUTE
    _printf_llu                              0x00000000   Number         0  stubs.o ABSOLUTE
    _printf_llx                              0x00000000   Number         0  stubs.o ABSOLUTE
    _printf_longlong_dec                     0x00000000   Number         0  stubs.o ABSOLUTE
    _printf_longlong_hex                     0x00000000   Number         0  stubs.o ABSOLUTE
    _printf_longlong_oct                     0x00000000   Number         0  stubs.o ABSOLUTE
    _printf_ls                               0x00000000   Number         0  stubs.o ABSOLUTE
    _printf_mbtowc                           0x00000000   Number         0  stubs.o ABSOLUTE
    _printf_n                                0x00000000   Number         0  stubs.o ABSOLUTE
    _printf_o                                0x00000000   Number         0  stubs.o ABSOLUTE
    _printf_p                                0x00000000   Number         0  stubs.o ABSOLUTE
    _printf_percent                          0x00000000   Number         0  stubs.o ABSOLUTE
    _printf_pre_padding                      0x00000000   Number         0  stubs.o ABSOLUTE
    _printf_return_value                     0x00000000   Number         0  stubs.o ABSOLUTE
    _printf_s                                0x00000000   Number         0  stubs.o ABSOLUTE
    _printf_sizespec                         0x00000000   Number         0  stubs.o ABSOLUTE
    _printf_str                              0x00000000   Number         0  stubs.o ABSOLUTE
    _printf_truncate_signed                  0x00000000   Number         0  stubs.o ABSOLUTE
    _printf_truncate_unsigned                0x00000000   Number         0  stubs.o ABSOLUTE
    _printf_u                                0x00000000   Number         0  stubs.o ABSOLUTE
    _printf_wc                               0x00000000   Number         0  stubs.o ABSOLUTE
    _printf_wctomb                           0x00000000   Number         0  stubs.o ABSOLUTE
    _printf_widthprec                        0x00000000   Number         0  stubs.o ABSOLUTE
    _printf_x                                0x00000000   Number         0  stubs.o ABSOLUTE
    __cpp_initialize__aeabi_                  - Undefined Weak Reference
    __cxa_finalize                            - Undefined Weak Reference
    _clock_init                               - Undefined Weak Reference
    _microlib_exit                            - Undefined Weak Reference
    __Vectors_Size                           0x00000130   Number         0  startup_stm32f10x_hd.o ABSOLUTE
    __Vectors                                0x08000000   Data           4  startup_stm32f10x_hd.o(RESET)
    __Vectors_End                            0x08000130   Data           0  startup_stm32f10x_hd.o(RESET)
    __main                                   0x08000131   Thumb Code     0  entry.o(.ARM.Collect$$$$00000000)
    _main_stk                                0x08000131   Thumb Code     0  entry2.o(.ARM.Collect$$$$00000001)
    _main_scatterload                        0x08000135   Thumb Code     0  entry5.o(.ARM.Collect$$$$00000004)
    __main_after_scatterload                 0x08000139   Thumb Code     0  entry5.o(.ARM.Collect$$$$00000004)
    _main_clock                              0x08000139   Thumb Code     0  entry7b.o(.ARM.Collect$$$$00000008)
    _main_cpp_init                           0x08000139   Thumb Code     0  entry8b.o(.ARM.Collect$$$$0000000A)
    _main_init                               0x08000139   Thumb Code     0  entry9a.o(.ARM.Collect$$$$0000000B)
    __rt_final_cpp                           0x08000141   Thumb Code     0  entry10a.o(.ARM.Collect$$$$0000000D)
    __rt_final_exit                          0x08000141   Thumb Code     0  entry11a.o(.ARM.Collect$$$$0000000F)
    main                                     0x08000145   Thumb Code   386  main.o(.text)
    TIM3_IRQHandler                          0x080002c7   Thumb Code    26  main.o(.text)
    TIM1_UP_IRQHandler                       0x080002e1   Thumb Code    96  main.o(.text)
    sbus_unpackage                           0x080003a1   Thumb Code   468  sbus.o(.text)
    USART1_IRQHandler                        0x08000575   Thumb Code    98  sbus.o(.text)
    crc8                                     0x080005f9   Thumb Code    28  crsf.o(.text)
    CRSF_Package                             0x08000615   Thumb Code   160  crsf.o(.text)
    CRSF_send                                0x080006b5   Thumb Code    78  crsf.o(.text)
    CRSF_param_package                       0x08000703   Thumb Code    58  crsf.o(.text)
    CRSF_unpackage                           0x0800073d   Thumb Code     2  crsf.o(.text)
    CRSF_out                                 0x0800073f   Thumb Code   164  crsf.o(.text)
    crsf_clear                               0x080007e3   Thumb Code   120  crsf.o(.text)
    CRSF_Tel_Out                             0x0800085b   Thumb Code    74  crsf.o(.text)
    crsf_depackage                           0x080008a5   Thumb Code  1076  crsf.o(.text)
    USART3_IRQHandler                        0x08000cd9   Thumb Code   242  crsf.o(.text)
    Get_USB_Buffer                           0x08000e55   Thumb Code   340  usb.o(.text)
    USB_out                                  0x08000fa9   Thumb Code    18  usb.o(.text)
    save16                                   0x08000fc5   Thumb Code    24  system.o(.text)
    save32                                   0x08000fdd   Thumb Code    34  system.o(.text)
    read16                                   0x08000fff   Thumb Code    16  system.o(.text)
    read32                                   0x0800100f   Thumb Code    36  system.o(.text)
    factory                                  0x08001033   Thumb Code   186  system.o(.text)
    message                                  0x080010ed   Thumb Code    20  system.o(.text)
    link_status_check                        0x08001101   Thumb Code   338  system.o(.text)
    delay                                    0x08001329   Thumb Code    12  lcd_init.o(.text)
    LCD_GPIO_Init                            0x08001335   Thumb Code    56  lcd_init.o(.text)
    LCD_Writ_Bus                             0x0800136d   Thumb Code    54  lcd_init.o(.text)
    LCD_WR_DATA8                             0x080013a3   Thumb Code    12  lcd_init.o(.text)
    LCD_WR_DATA                              0x080013af   Thumb Code    18  lcd_init.o(.text)
    LCD_WR_REG                               0x080013c1   Thumb Code    32  lcd_init.o(.text)
    LCD_Address_Set                          0x080013e1   Thumb Code    70  lcd_init.o(.text)
    LCD_Init                                 0x08001427   Thumb Code   594  lcd_init.o(.text)
    LCD_Fill                                 0x08001685   Thumb Code    74  lcd.o(.text)
    LCD_DrawPoint                            0x080016cf   Thumb Code    38  lcd.o(.text)
    LCD_DrawLine                             0x080016f5   Thumb Code   162  lcd.o(.text)
    LCD_DrawRectangle                        0x08001797   Thumb Code    74  lcd.o(.text)
    Draw_Circle                              0x080017e1   Thumb Code   158  lcd.o(.text)
    LCD_ShowChinese24x24                     0x0800187f   Thumb Code   302  lcd.o(.text)
    LCD_ShowChinese16x16                     0x080019ad   Thumb Code   192  lcd.o(.text)
    LCD_ShowChinese12x12                     0x08001a6d   Thumb Code   220  lcd.o(.text)
    LCD_ShowChinese                          0x08001b49   Thumb Code    98  lcd.o(.text)
    LCD_ShowChinese32x32                     0x08001bab   Thumb Code   302  lcd.o(.text)
    LCD_ShowChar                             0x08001cd9   Thumb Code   308  lcd.o(.text)
    LCD_ShowString                           0x08001e0d   Thumb Code    66  lcd.o(.text)
    mypow                                    0x08001e4f   Thumb Code    22  lcd.o(.text)
    LCD_ShowIntNum                           0x08001e65   Thumb Code   150  lcd.o(.text)
    LCD_ShowFloatNum1                        0x08001efb   Thumb Code   158  lcd.o(.text)
    LCD_ShowPicture                          0x08001f99   Thumb Code   128  lcd.o(.text)
    LCD_ShowStr                              0x08002019   Thumb Code   140  lcd.o(.text)
    LCD_Reflash                              0x080020a5   Thumb Code    64  lcd.o(.text)
    LCD_Clear                                0x080020e5   Thumb Code    24  lcd.o(.text)
    abs                                      0x08002105   Thumb Code    14  input.o(.text)
    battery_check                            0x08002113   Thumb Code   340  input.o(.text)
    hardinput                                0x08002267   Thumb Code   508  input.o(.text)
    input                                    0x08002463   Thumb Code   482  input.o(.text)
    TIM2_IRQHandler                          0x0800265d   Thumb Code   232  ppm.o(.text)
    ppm_Cap_Init                             0x08002745   Thumb Code   166  ppm.o(.text)
    usart3_init                              0x080027fd   Thumb Code   164  usart3.o(.text)
    usart2_init                              0x080028a1   Thumb Code   162  usart3.o(.text)
    TIM3_Int_Init                            0x08002955   Thumb Code    82  timer.o(.text)
    TIM2_Int_Init                            0x080029a7   Thumb Code    82  timer.o(.text)
    TIM1_Int_Init                            0x080029f9   Thumb Code    82  timer.o(.text)
    delay_init                               0x08002a55   Thumb Code    50  delay.o(.text)
    delay_us                                 0x08002a87   Thumb Code    72  delay.o(.text)
    delay_ms                                 0x08002acf   Thumb Code    72  delay.o(.text)
    STMFLASH_ReadHalfWord                    0x08002b29   Thumb Code     6  stmflash.o(.text)
    STMFLASH_Write_NoCheck                   0x08002b2f   Thumb Code    38  stmflash.o(.text)
    STMFLASH_Read                            0x08002b55   Thumb Code    34  stmflash.o(.text)
    STMFLASH_Write                           0x08002b77   Thumb Code   230  stmflash.o(.text)
    Test_Write                               0x08002c5d   Thumb Code    16  stmflash.o(.text)
    Read_StmflashData                        0x08002c6d   Thumb Code    28  stmflash.o(.text)
    Adc_Init                                 0x08002c8d   Thumb Code   146  adc.o(.text)
    Get_Adc                                  0x08002d1f   Thumb Code    46  adc.o(.text)
    Gpio_Init                                0x08002d59   Thumb Code   110  gpio.o(.text)
    beep_queue_regedit                       0x08002dd9   Thumb Code    40  pwm.o(.text)
    BEEP_Init                                0x08002e01   Thumb Code   140  pwm.o(.text)
    beep                                     0x08002e8d   Thumb Code   140  pwm.o(.text)
    beep_queue_operation                     0x08002f19   Thumb Code    96  pwm.o(.text)
    beep_positive                            0x08002f79   Thumb Code    32  pwm.o(.text)
    beep_negative                            0x08002f99   Thumb Code    32  pwm.o(.text)
    backlight                                0x08002fb9   Thumb Code    18  pwm.o(.text)
    SPI2_Init                                0x08002ff9   Thumb Code   134  spi.o(.text)
    NMI_Handler                              0x08003089   Thumb Code     2  stm32f10x_it.o(.text)
    HardFault_Handler                        0x0800308b   Thumb Code     4  stm32f10x_it.o(.text)
    MemManage_Handler                        0x0800308f   Thumb Code     4  stm32f10x_it.o(.text)
    BusFault_Handler                         0x08003093   Thumb Code     4  stm32f10x_it.o(.text)
    UsageFault_Handler                       0x08003097   Thumb Code     4  stm32f10x_it.o(.text)
    SVC_Handler                              0x0800309b   Thumb Code     2  stm32f10x_it.o(.text)
    DebugMon_Handler                         0x0800309d   Thumb Code     2  stm32f10x_it.o(.text)
    PendSV_Handler                           0x0800309f   Thumb Code     2  stm32f10x_it.o(.text)
    SysTick_Handler                          0x080030a1   Thumb Code     2  stm32f10x_it.o(.text)
    SystemInit                               0x08003183   Thumb Code    78  system_stm32f10x.o(.text)
    SystemCoreClockUpdate                    0x080031d1   Thumb Code   142  system_stm32f10x.o(.text)
    sys_exit                                 0x08003285   Thumb Code     4  usart.o(.text)
    fputc                                    0x08003289   Thumb Code    24  usart.o(.text)
    uart_init                                0x080032a1   Thumb Code   152  usart.o(.text)
    Reset_Handler                            0x08003341   Thumb Code     8  startup_stm32f10x_hd.o(.text)
    ADC1_2_IRQHandler                        0x0800335b   Thumb Code     0  startup_stm32f10x_hd.o(.text)
    ADC3_IRQHandler                          0x0800335b   Thumb Code     0  startup_stm32f10x_hd.o(.text)
    CAN1_RX1_IRQHandler                      0x0800335b   Thumb Code     0  startup_stm32f10x_hd.o(.text)
    CAN1_SCE_IRQHandler                      0x0800335b   Thumb Code     0  startup_stm32f10x_hd.o(.text)
    DMA1_Channel1_IRQHandler                 0x0800335b   Thumb Code     0  startup_stm32f10x_hd.o(.text)
    DMA1_Channel2_IRQHandler                 0x0800335b   Thumb Code     0  startup_stm32f10x_hd.o(.text)
    DMA1_Channel3_IRQHandler                 0x0800335b   Thumb Code     0  startup_stm32f10x_hd.o(.text)
    DMA1_Channel4_IRQHandler                 0x0800335b   Thumb Code     0  startup_stm32f10x_hd.o(.text)
    DMA1_Channel5_IRQHandler                 0x0800335b   Thumb Code     0  startup_stm32f10x_hd.o(.text)
    DMA1_Channel6_IRQHandler                 0x0800335b   Thumb Code     0  startup_stm32f10x_hd.o(.text)
    DMA1_Channel7_IRQHandler                 0x0800335b   Thumb Code     0  startup_stm32f10x_hd.o(.text)
    DMA2_Channel1_IRQHandler                 0x0800335b   Thumb Code     0  startup_stm32f10x_hd.o(.text)
    DMA2_Channel2_IRQHandler                 0x0800335b   Thumb Code     0  startup_stm32f10x_hd.o(.text)
    DMA2_Channel3_IRQHandler                 0x0800335b   Thumb Code     0  startup_stm32f10x_hd.o(.text)
    DMA2_Channel4_5_IRQHandler               0x0800335b   Thumb Code     0  startup_stm32f10x_hd.o(.text)
    EXTI0_IRQHandler                         0x0800335b   Thumb Code     0  startup_stm32f10x_hd.o(.text)
    EXTI15_10_IRQHandler                     0x0800335b   Thumb Code     0  startup_stm32f10x_hd.o(.text)
    EXTI1_IRQHandler                         0x0800335b   Thumb Code     0  startup_stm32f10x_hd.o(.text)
    EXTI2_IRQHandler                         0x0800335b   Thumb Code     0  startup_stm32f10x_hd.o(.text)
    EXTI3_IRQHandler                         0x0800335b   Thumb Code     0  startup_stm32f10x_hd.o(.text)
    EXTI4_IRQHandler                         0x0800335b   Thumb Code     0  startup_stm32f10x_hd.o(.text)
    EXTI9_5_IRQHandler                       0x0800335b   Thumb Code     0  startup_stm32f10x_hd.o(.text)
    FLASH_IRQHandler                         0x0800335b   Thumb Code     0  startup_stm32f10x_hd.o(.text)
    FSMC_IRQHandler                          0x0800335b   Thumb Code     0  startup_stm32f10x_hd.o(.text)
    I2C1_ER_IRQHandler                       0x0800335b   Thumb Code     0  startup_stm32f10x_hd.o(.text)
    I2C1_EV_IRQHandler                       0x0800335b   Thumb Code     0  startup_stm32f10x_hd.o(.text)
    I2C2_ER_IRQHandler                       0x0800335b   Thumb Code     0  startup_stm32f10x_hd.o(.text)
    I2C2_EV_IRQHandler                       0x0800335b   Thumb Code     0  startup_stm32f10x_hd.o(.text)
    PVD_IRQHandler                           0x0800335b   Thumb Code     0  startup_stm32f10x_hd.o(.text)
    RCC_IRQHandler                           0x0800335b   Thumb Code     0  startup_stm32f10x_hd.o(.text)
    RTCAlarm_IRQHandler                      0x0800335b   Thumb Code     0  startup_stm32f10x_hd.o(.text)
    RTC_IRQHandler                           0x0800335b   Thumb Code     0  startup_stm32f10x_hd.o(.text)
    SDIO_IRQHandler                          0x0800335b   Thumb Code     0  startup_stm32f10x_hd.o(.text)
    SPI1_IRQHandler                          0x0800335b   Thumb Code     0  startup_stm32f10x_hd.o(.text)
    SPI2_IRQHandler                          0x0800335b   Thumb Code     0  startup_stm32f10x_hd.o(.text)
    SPI3_IRQHandler                          0x0800335b   Thumb Code     0  startup_stm32f10x_hd.o(.text)
    TAMPER_IRQHandler                        0x0800335b   Thumb Code     0  startup_stm32f10x_hd.o(.text)
    TIM1_BRK_IRQHandler                      0x0800335b   Thumb Code     0  startup_stm32f10x_hd.o(.text)
    TIM1_CC_IRQHandler                       0x0800335b   Thumb Code     0  startup_stm32f10x_hd.o(.text)
    TIM1_TRG_COM_IRQHandler                  0x0800335b   Thumb Code     0  startup_stm32f10x_hd.o(.text)
    TIM4_IRQHandler                          0x0800335b   Thumb Code     0  startup_stm32f10x_hd.o(.text)
    TIM5_IRQHandler                          0x0800335b   Thumb Code     0  startup_stm32f10x_hd.o(.text)
    TIM6_IRQHandler                          0x0800335b   Thumb Code     0  startup_stm32f10x_hd.o(.text)
    TIM7_IRQHandler                          0x0800335b   Thumb Code     0  startup_stm32f10x_hd.o(.text)
    TIM8_BRK_IRQHandler                      0x0800335b   Thumb Code     0  startup_stm32f10x_hd.o(.text)
    TIM8_CC_IRQHandler                       0x0800335b   Thumb Code     0  startup_stm32f10x_hd.o(.text)
    TIM8_TRG_COM_IRQHandler                  0x0800335b   Thumb Code     0  startup_stm32f10x_hd.o(.text)
    TIM8_UP_IRQHandler                       0x0800335b   Thumb Code     0  startup_stm32f10x_hd.o(.text)
    UART4_IRQHandler                         0x0800335b   Thumb Code     0  startup_stm32f10x_hd.o(.text)
    UART5_IRQHandler                         0x0800335b   Thumb Code     0  startup_stm32f10x_hd.o(.text)
    USBWakeUp_IRQHandler                     0x0800335b   Thumb Code     0  startup_stm32f10x_hd.o(.text)
    USB_HP_CAN1_TX_IRQHandler                0x0800335b   Thumb Code     0  startup_stm32f10x_hd.o(.text)
    WWDG_IRQHandler                          0x0800335b   Thumb Code     0  startup_stm32f10x_hd.o(.text)
    NVIC_PriorityGroupConfig                 0x08003365   Thumb Code    10  misc.o(.text)
    NVIC_Init                                0x0800336f   Thumb Code   100  misc.o(.text)
    NVIC_SetVectorTable                      0x080033d3   Thumb Code    14  misc.o(.text)
    NVIC_SystemLPConfig                      0x080033e1   Thumb Code    34  misc.o(.text)
    SysTick_CLKSourceConfig                  0x08003403   Thumb Code    40  misc.o(.text)
    GPIO_DeInit                              0x08003441   Thumb Code   172  stm32f10x_gpio.o(.text)
    GPIO_AFIODeInit                          0x080034ed   Thumb Code    20  stm32f10x_gpio.o(.text)
    GPIO_Init                                0x08003501   Thumb Code   278  stm32f10x_gpio.o(.text)
    GPIO_StructInit                          0x08003617   Thumb Code    16  stm32f10x_gpio.o(.text)
    GPIO_ReadInputDataBit                    0x08003627   Thumb Code    18  stm32f10x_gpio.o(.text)
    GPIO_ReadInputData                       0x08003639   Thumb Code     8  stm32f10x_gpio.o(.text)
    GPIO_ReadOutputDataBit                   0x08003641   Thumb Code    18  stm32f10x_gpio.o(.text)
    GPIO_ReadOutputData                      0x08003653   Thumb Code     8  stm32f10x_gpio.o(.text)
    GPIO_SetBits                             0x0800365b   Thumb Code     4  stm32f10x_gpio.o(.text)
    GPIO_ResetBits                           0x0800365f   Thumb Code     4  stm32f10x_gpio.o(.text)
    GPIO_WriteBit                            0x08003663   Thumb Code    10  stm32f10x_gpio.o(.text)
    GPIO_Write                               0x0800366d   Thumb Code     4  stm32f10x_gpio.o(.text)
    GPIO_PinLockConfig                       0x08003671   Thumb Code    18  stm32f10x_gpio.o(.text)
    GPIO_EventOutputConfig                   0x08003683   Thumb Code    26  stm32f10x_gpio.o(.text)
    GPIO_EventOutputCmd                      0x0800369d   Thumb Code     6  stm32f10x_gpio.o(.text)
    GPIO_PinRemapConfig                      0x080036a3   Thumb Code   138  stm32f10x_gpio.o(.text)
    GPIO_EXTILineConfig                      0x0800372d   Thumb Code    66  stm32f10x_gpio.o(.text)
    GPIO_ETH_MediaInterfaceConfig            0x0800376f   Thumb Code     8  stm32f10x_gpio.o(.text)
    SPI_I2S_DeInit                           0x0800379d   Thumb Code    76  stm32f10x_spi.o(.text)
    SPI_Init                                 0x080037e9   Thumb Code    60  stm32f10x_spi.o(.text)
    I2S_Init                                 0x08003825   Thumb Code   226  stm32f10x_spi.o(.text)
    SPI_StructInit                           0x08003907   Thumb Code    24  stm32f10x_spi.o(.text)
    I2S_StructInit                           0x0800391f   Thumb Code    20  stm32f10x_spi.o(.text)
    SPI_Cmd                                  0x08003933   Thumb Code    24  stm32f10x_spi.o(.text)
    I2S_Cmd                                  0x0800394b   Thumb Code    24  stm32f10x_spi.o(.text)
    SPI_I2S_ITConfig                         0x08003963   Thumb Code    32  stm32f10x_spi.o(.text)
    SPI_I2S_DMACmd                           0x08003983   Thumb Code    18  stm32f10x_spi.o(.text)
    SPI_I2S_SendData                         0x08003995   Thumb Code     4  stm32f10x_spi.o(.text)
    SPI_I2S_ReceiveData                      0x08003999   Thumb Code     6  stm32f10x_spi.o(.text)
    SPI_NSSInternalSoftwareConfig            0x0800399f   Thumb Code    30  stm32f10x_spi.o(.text)
    SPI_SSOutputCmd                          0x080039bd   Thumb Code    24  stm32f10x_spi.o(.text)
    SPI_DataSizeConfig                       0x080039d5   Thumb Code    18  stm32f10x_spi.o(.text)
    SPI_TransmitCRC                          0x080039e7   Thumb Code    10  stm32f10x_spi.o(.text)
    SPI_CalculateCRC                         0x080039f1   Thumb Code    24  stm32f10x_spi.o(.text)
    SPI_GetCRC                               0x08003a09   Thumb Code    16  stm32f10x_spi.o(.text)
    SPI_GetCRCPolynomial                     0x08003a19   Thumb Code     6  stm32f10x_spi.o(.text)
    SPI_BiDirectionalLineConfig              0x08003a1f   Thumb Code    28  stm32f10x_spi.o(.text)
    SPI_I2S_GetFlagStatus                    0x08003a3b   Thumb Code    18  stm32f10x_spi.o(.text)
    SPI_I2S_ClearFlag                        0x08003a4d   Thumb Code     6  stm32f10x_spi.o(.text)
    SPI_I2S_GetITStatus                      0x08003a53   Thumb Code    52  stm32f10x_spi.o(.text)
    SPI_I2S_ClearITPendingBit                0x08003a87   Thumb Code    20  stm32f10x_spi.o(.text)
    USART_DeInit                             0x08003aa9   Thumb Code   134  stm32f10x_usart.o(.text)
    USART_Init                               0x08003b2f   Thumb Code   210  stm32f10x_usart.o(.text)
    USART_StructInit                         0x08003c01   Thumb Code    24  stm32f10x_usart.o(.text)
    USART_ClockInit                          0x08003c19   Thumb Code    34  stm32f10x_usart.o(.text)
    USART_ClockStructInit                    0x08003c3b   Thumb Code    12  stm32f10x_usart.o(.text)
    USART_Cmd                                0x08003c47   Thumb Code    24  stm32f10x_usart.o(.text)
    USART_ITConfig                           0x08003c5f   Thumb Code    74  stm32f10x_usart.o(.text)
    USART_DMACmd                             0x08003ca9   Thumb Code    18  stm32f10x_usart.o(.text)
    USART_SetAddress                         0x08003cbb   Thumb Code    18  stm32f10x_usart.o(.text)
    USART_WakeUpConfig                       0x08003ccd   Thumb Code    18  stm32f10x_usart.o(.text)
    USART_ReceiverWakeUpCmd                  0x08003cdf   Thumb Code    24  stm32f10x_usart.o(.text)
    USART_LINBreakDetectLengthConfig         0x08003cf7   Thumb Code    18  stm32f10x_usart.o(.text)
    USART_LINCmd                             0x08003d09   Thumb Code    24  stm32f10x_usart.o(.text)
    USART_SendData                           0x08003d21   Thumb Code     8  stm32f10x_usart.o(.text)
    USART_ReceiveData                        0x08003d29   Thumb Code    10  stm32f10x_usart.o(.text)
    USART_SendBreak                          0x08003d33   Thumb Code    10  stm32f10x_usart.o(.text)
    USART_SetGuardTime                       0x08003d3d   Thumb Code    16  stm32f10x_usart.o(.text)
    USART_SetPrescaler                       0x08003d4d   Thumb Code    16  stm32f10x_usart.o(.text)
    USART_SmartCardCmd                       0x08003d5d   Thumb Code    24  stm32f10x_usart.o(.text)
    USART_SmartCardNACKCmd                   0x08003d75   Thumb Code    24  stm32f10x_usart.o(.text)
    USART_HalfDuplexCmd                      0x08003d8d   Thumb Code    24  stm32f10x_usart.o(.text)
    USART_OverSampling8Cmd                   0x08003da5   Thumb Code    22  stm32f10x_usart.o(.text)
    USART_OneBitMethodCmd                    0x08003dbb   Thumb Code    24  stm32f10x_usart.o(.text)
    USART_IrDAConfig                         0x08003dd3   Thumb Code    18  stm32f10x_usart.o(.text)
    USART_IrDACmd                            0x08003de5   Thumb Code    24  stm32f10x_usart.o(.text)
    USART_GetFlagStatus                      0x08003dfd   Thumb Code    26  stm32f10x_usart.o(.text)
    USART_ClearFlag                          0x08003e17   Thumb Code    18  stm32f10x_usart.o(.text)
    USART_GetITStatus                        0x08003e29   Thumb Code    84  stm32f10x_usart.o(.text)
    USART_ClearITPendingBit                  0x08003e7d   Thumb Code    52  stm32f10x_usart.o(.text)
    ADC_DeInit                               0x08003eb1   Thumb Code    78  stm32f10x_adc.o(.text)
    ADC_Init                                 0x08003eff   Thumb Code    70  stm32f10x_adc.o(.text)
    ADC_StructInit                           0x08003f45   Thumb Code    18  stm32f10x_adc.o(.text)
    ADC_Cmd                                  0x08003f57   Thumb Code    22  stm32f10x_adc.o(.text)
    ADC_DMACmd                               0x08003f6d   Thumb Code    22  stm32f10x_adc.o(.text)
    ADC_ITConfig                             0x08003f83   Thumb Code    24  stm32f10x_adc.o(.text)
    ADC_ResetCalibration                     0x08003f9b   Thumb Code    10  stm32f10x_adc.o(.text)
    ADC_GetResetCalibrationStatus            0x08003fa5   Thumb Code    20  stm32f10x_adc.o(.text)
    ADC_StartCalibration                     0x08003fb9   Thumb Code    10  stm32f10x_adc.o(.text)
    ADC_GetCalibrationStatus                 0x08003fc3   Thumb Code    20  stm32f10x_adc.o(.text)
    ADC_SoftwareStartConvCmd                 0x08003fd7   Thumb Code    22  stm32f10x_adc.o(.text)
    ADC_GetSoftwareStartConvStatus           0x08003fed   Thumb Code    20  stm32f10x_adc.o(.text)
    ADC_DiscModeChannelCountConfig           0x08004001   Thumb Code    24  stm32f10x_adc.o(.text)
    ADC_DiscModeCmd                          0x08004019   Thumb Code    22  stm32f10x_adc.o(.text)
    ADC_RegularChannelConfig                 0x0800402f   Thumb Code   184  stm32f10x_adc.o(.text)
    ADC_ExternalTrigConvCmd                  0x080040e7   Thumb Code    22  stm32f10x_adc.o(.text)
    ADC_GetConversionValue                   0x080040fd   Thumb Code     8  stm32f10x_adc.o(.text)
    ADC_GetDualModeConversionValue           0x08004105   Thumb Code     8  stm32f10x_adc.o(.text)
    ADC_AutoInjectedConvCmd                  0x0800410d   Thumb Code    22  stm32f10x_adc.o(.text)
    ADC_InjectedDiscModeCmd                  0x08004123   Thumb Code    22  stm32f10x_adc.o(.text)
    ADC_ExternalTrigInjectedConvConfig       0x08004139   Thumb Code    16  stm32f10x_adc.o(.text)
    ADC_ExternalTrigInjectedConvCmd          0x08004149   Thumb Code    22  stm32f10x_adc.o(.text)
    ADC_SoftwareStartInjectedConvCmd         0x0800415f   Thumb Code    22  stm32f10x_adc.o(.text)
    ADC_GetSoftwareStartInjectedConvCmdStatus 0x08004175   Thumb Code    20  stm32f10x_adc.o(.text)
    ADC_InjectedChannelConfig                0x08004189   Thumb Code   130  stm32f10x_adc.o(.text)
    ADC_InjectedSequencerLengthConfig        0x0800420b   Thumb Code    24  stm32f10x_adc.o(.text)
    ADC_SetInjectedOffset                    0x08004223   Thumb Code    20  stm32f10x_adc.o(.text)
    ADC_GetInjectedConversionValue           0x08004237   Thumb Code    28  stm32f10x_adc.o(.text)
    ADC_AnalogWatchdogCmd                    0x08004253   Thumb Code    16  stm32f10x_adc.o(.text)
    ADC_AnalogWatchdogThresholdsConfig       0x08004263   Thumb Code     6  stm32f10x_adc.o(.text)
    ADC_AnalogWatchdogSingleChannelConfig    0x08004269   Thumb Code    16  stm32f10x_adc.o(.text)
    ADC_TempSensorVrefintCmd                 0x08004279   Thumb Code    64  stm32f10x_adc.o(.text)
    ADC_GetFlagStatus                        0x080042b9   Thumb Code    18  stm32f10x_adc.o(.text)
    ADC_ClearFlag                            0x080042cb   Thumb Code     6  stm32f10x_adc.o(.text)
    ADC_GetITStatus                          0x080042d1   Thumb Code    36  stm32f10x_adc.o(.text)
    ADC_ClearITPendingBit                    0x080042f5   Thumb Code    10  stm32f10x_adc.o(.text)
    TIM_DeInit                               0x08004301   Thumb Code   424  stm32f10x_tim.o(.text)
    TIM_TimeBaseInit                         0x080044a9   Thumb Code   122  stm32f10x_tim.o(.text)
    TIM_OC1Init                              0x08004523   Thumb Code   132  stm32f10x_tim.o(.text)
    TIM_OC2Init                              0x080045a7   Thumb Code   154  stm32f10x_tim.o(.text)
    TIM_OC3Init                              0x08004641   Thumb Code   150  stm32f10x_tim.o(.text)
    TIM_OC4Init                              0x080046d7   Thumb Code   182  stm32f10x_tim.o(.text)
    TIM_SetIC4Prescaler                      0x0800478d   Thumb Code    26  stm32f10x_tim.o(.text)
    TIM_SetIC3Prescaler                      0x08004829   Thumb Code    18  stm32f10x_tim.o(.text)
    TIM_SetIC2Prescaler                      0x080048b5   Thumb Code    26  stm32f10x_tim.o(.text)
    TIM_SetIC1Prescaler                      0x08004951   Thumb Code    18  stm32f10x_tim.o(.text)
    TIM_ICInit                               0x080049cf   Thumb Code   150  stm32f10x_tim.o(.text)
    TIM_PWMIConfig                           0x08004a65   Thumb Code   124  stm32f10x_tim.o(.text)
    TIM_BDTRConfig                           0x08004ae1   Thumb Code    32  stm32f10x_tim.o(.text)
    TIM_TimeBaseStructInit                   0x08004b01   Thumb Code    18  stm32f10x_tim.o(.text)
    TIM_OCStructInit                         0x08004b13   Thumb Code    20  stm32f10x_tim.o(.text)
    TIM_ICStructInit                         0x08004b27   Thumb Code    18  stm32f10x_tim.o(.text)
    TIM_BDTRStructInit                       0x08004b39   Thumb Code    40  stm32f10x_tim.o(.text)
    TIM_Cmd                                  0x08004b61   Thumb Code    24  stm32f10x_tim.o(.text)
    TIM_CtrlPWMOutputs                       0x08004b79   Thumb Code    30  stm32f10x_tim.o(.text)
    TIM_ITConfig                             0x08004b97   Thumb Code    18  stm32f10x_tim.o(.text)
    TIM_GenerateEvent                        0x08004ba9   Thumb Code     4  stm32f10x_tim.o(.text)
    TIM_DMAConfig                            0x08004bad   Thumb Code    10  stm32f10x_tim.o(.text)
    TIM_DMACmd                               0x08004bb7   Thumb Code    18  stm32f10x_tim.o(.text)
    TIM_InternalClockConfig                  0x08004bc9   Thumb Code    12  stm32f10x_tim.o(.text)
    TIM_SelectInputTrigger                   0x08004bd5   Thumb Code    18  stm32f10x_tim.o(.text)
    TIM_ITRxExternalClockConfig              0x08004be7   Thumb Code    24  stm32f10x_tim.o(.text)
    TIM_TIxExternalClockConfig               0x08004bff   Thumb Code    62  stm32f10x_tim.o(.text)
    TIM_ETRConfig                            0x08004c3d   Thumb Code    28  stm32f10x_tim.o(.text)
    TIM_ETRClockMode1Config                  0x08004c59   Thumb Code    54  stm32f10x_tim.o(.text)
    TIM_ETRClockMode2Config                  0x08004c8f   Thumb Code    32  stm32f10x_tim.o(.text)
    TIM_PrescalerConfig                      0x08004caf   Thumb Code     6  stm32f10x_tim.o(.text)
    TIM_CounterModeConfig                    0x08004cb5   Thumb Code    18  stm32f10x_tim.o(.text)
    TIM_EncoderInterfaceConfig               0x08004cc7   Thumb Code    66  stm32f10x_tim.o(.text)
    TIM_ForcedOC1Config                      0x08004d09   Thumb Code    18  stm32f10x_tim.o(.text)
    TIM_ForcedOC2Config                      0x08004d1b   Thumb Code    26  stm32f10x_tim.o(.text)
    TIM_ForcedOC3Config                      0x08004d35   Thumb Code    18  stm32f10x_tim.o(.text)
    TIM_ForcedOC4Config                      0x08004d47   Thumb Code    26  stm32f10x_tim.o(.text)
    TIM_ARRPreloadConfig                     0x08004d61   Thumb Code    24  stm32f10x_tim.o(.text)
    TIM_SelectCOM                            0x08004d79   Thumb Code    24  stm32f10x_tim.o(.text)
    TIM_SelectCCDMA                          0x08004d91   Thumb Code    24  stm32f10x_tim.o(.text)
    TIM_CCPreloadControl                     0x08004da9   Thumb Code    24  stm32f10x_tim.o(.text)
    TIM_OC1PreloadConfig                     0x08004dc1   Thumb Code    18  stm32f10x_tim.o(.text)
    TIM_OC2PreloadConfig                     0x08004dd3   Thumb Code    26  stm32f10x_tim.o(.text)
    TIM_OC3PreloadConfig                     0x08004ded   Thumb Code    18  stm32f10x_tim.o(.text)
    TIM_OC4PreloadConfig                     0x08004dff   Thumb Code    26  stm32f10x_tim.o(.text)
    TIM_OC1FastConfig                        0x08004e19   Thumb Code    18  stm32f10x_tim.o(.text)
    TIM_OC2FastConfig                        0x08004e2b   Thumb Code    26  stm32f10x_tim.o(.text)
    TIM_OC3FastConfig                        0x08004e45   Thumb Code    18  stm32f10x_tim.o(.text)
    TIM_OC4FastConfig                        0x08004e57   Thumb Code    26  stm32f10x_tim.o(.text)
    TIM_ClearOC1Ref                          0x08004e71   Thumb Code    18  stm32f10x_tim.o(.text)
    TIM_ClearOC2Ref                          0x08004e83   Thumb Code    24  stm32f10x_tim.o(.text)
    TIM_ClearOC3Ref                          0x08004e9b   Thumb Code    18  stm32f10x_tim.o(.text)
    TIM_ClearOC4Ref                          0x08004ead   Thumb Code    24  stm32f10x_tim.o(.text)
    TIM_OC1PolarityConfig                    0x08004ec5   Thumb Code    18  stm32f10x_tim.o(.text)
    TIM_OC1NPolarityConfig                   0x08004ed7   Thumb Code    18  stm32f10x_tim.o(.text)
    TIM_OC2PolarityConfig                    0x08004ee9   Thumb Code    26  stm32f10x_tim.o(.text)
    TIM_OC2NPolarityConfig                   0x08004f03   Thumb Code    26  stm32f10x_tim.o(.text)
    TIM_OC3PolarityConfig                    0x08004f1d   Thumb Code    26  stm32f10x_tim.o(.text)
    TIM_OC3NPolarityConfig                   0x08004f37   Thumb Code    26  stm32f10x_tim.o(.text)
    TIM_OC4PolarityConfig                    0x08004f51   Thumb Code    26  stm32f10x_tim.o(.text)
    TIM_CCxCmd                               0x08004f6b   Thumb Code    30  stm32f10x_tim.o(.text)
    TIM_CCxNCmd                              0x08004f89   Thumb Code    30  stm32f10x_tim.o(.text)
    TIM_SelectOCxM                           0x08004fa7   Thumb Code    82  stm32f10x_tim.o(.text)
    TIM_UpdateDisableConfig                  0x08004ff9   Thumb Code    24  stm32f10x_tim.o(.text)
    TIM_UpdateRequestConfig                  0x08005011   Thumb Code    24  stm32f10x_tim.o(.text)
    TIM_SelectHallSensor                     0x08005029   Thumb Code    24  stm32f10x_tim.o(.text)
    TIM_SelectOnePulseMode                   0x08005041   Thumb Code    18  stm32f10x_tim.o(.text)
    TIM_SelectOutputTrigger                  0x08005053   Thumb Code    18  stm32f10x_tim.o(.text)
    TIM_SelectSlaveMode                      0x08005065   Thumb Code    18  stm32f10x_tim.o(.text)
    TIM_SelectMasterSlaveMode                0x08005077   Thumb Code    18  stm32f10x_tim.o(.text)
    TIM_SetCounter                           0x08005089   Thumb Code     4  stm32f10x_tim.o(.text)
    TIM_SetAutoreload                        0x0800508d   Thumb Code     4  stm32f10x_tim.o(.text)
    TIM_SetCompare1                          0x08005091   Thumb Code     4  stm32f10x_tim.o(.text)
    TIM_SetCompare2                          0x08005095   Thumb Code     4  stm32f10x_tim.o(.text)
    TIM_SetCompare3                          0x08005099   Thumb Code     4  stm32f10x_tim.o(.text)
    TIM_SetCompare4                          0x0800509d   Thumb Code     6  stm32f10x_tim.o(.text)
    TIM_SetClockDivision                     0x080050a3   Thumb Code    18  stm32f10x_tim.o(.text)
    TIM_GetCapture1                          0x080050b5   Thumb Code     6  stm32f10x_tim.o(.text)
    TIM_GetCapture2                          0x080050bb   Thumb Code     6  stm32f10x_tim.o(.text)
    TIM_GetCapture3                          0x080050c1   Thumb Code     6  stm32f10x_tim.o(.text)
    TIM_GetCapture4                          0x080050c7   Thumb Code     8  stm32f10x_tim.o(.text)
    TIM_GetCounter                           0x080050cf   Thumb Code     6  stm32f10x_tim.o(.text)
    TIM_GetPrescaler                         0x080050d5   Thumb Code     6  stm32f10x_tim.o(.text)
    TIM_GetFlagStatus                        0x080050db   Thumb Code    18  stm32f10x_tim.o(.text)
    TIM_ClearFlag                            0x080050ed   Thumb Code     6  stm32f10x_tim.o(.text)
    TIM_GetITStatus                          0x080050f3   Thumb Code    34  stm32f10x_tim.o(.text)
    TIM_ClearITPendingBit                    0x08005115   Thumb Code     6  stm32f10x_tim.o(.text)
    FLASH_SetLatency                         0x0800511d   Thumb Code    18  stm32f10x_flash.o(.text)
    FLASH_HalfCycleAccessCmd                 0x0800512f   Thumb Code    22  stm32f10x_flash.o(.text)
    FLASH_PrefetchBufferCmd                  0x08005145   Thumb Code    22  stm32f10x_flash.o(.text)
    FLASH_Unlock                             0x0800515b   Thumb Code    12  stm32f10x_flash.o(.text)
    FLASH_UnlockBank1                        0x08005167   Thumb Code    12  stm32f10x_flash.o(.text)
    FLASH_Lock                               0x08005173   Thumb Code    14  stm32f10x_flash.o(.text)
    FLASH_LockBank1                          0x08005181   Thumb Code    14  stm32f10x_flash.o(.text)
    FLASH_GetBank1Status                     0x0800518f   Thumb Code    48  stm32f10x_flash.o(.text)
    FLASH_WaitForLastOperation               0x080051bf   Thumb Code    38  stm32f10x_flash.o(.text)
    FLASH_ErasePage                          0x080051e5   Thumb Code    72  stm32f10x_flash.o(.text)
    FLASH_EraseAllPages                      0x0800522d   Thumb Code    68  stm32f10x_flash.o(.text)
    FLASH_WaitForLastBank1Operation          0x08005271   Thumb Code    38  stm32f10x_flash.o(.text)
    FLASH_EraseAllBank1Pages                 0x08005297   Thumb Code    68  stm32f10x_flash.o(.text)
    FLASH_GetReadOutProtectionStatus         0x080052db   Thumb Code    20  stm32f10x_flash.o(.text)
    FLASH_EraseOptionBytes                   0x080052ef   Thumb Code   150  stm32f10x_flash.o(.text)
    FLASH_ProgramWord                        0x08005385   Thumb Code   102  stm32f10x_flash.o(.text)
    FLASH_ProgramHalfWord                    0x080053eb   Thumb Code    60  stm32f10x_flash.o(.text)
    FLASH_ProgramOptionByteData              0x08005427   Thumb Code    72  stm32f10x_flash.o(.text)
    FLASH_EnableWriteProtection              0x0800546f   Thumb Code   200  stm32f10x_flash.o(.text)
    FLASH_ReadOutProtection                  0x08005537   Thumb Code   156  stm32f10x_flash.o(.text)
    FLASH_UserOptionByteConfig               0x080055d3   Thumb Code    88  stm32f10x_flash.o(.text)
    FLASH_GetUserOptionByte                  0x0800562b   Thumb Code     8  stm32f10x_flash.o(.text)
    FLASH_GetWriteProtectionOptionByte       0x08005633   Thumb Code     6  stm32f10x_flash.o(.text)
    FLASH_GetPrefetchBufferStatus            0x08005639   Thumb Code    20  stm32f10x_flash.o(.text)
    FLASH_ITConfig                           0x0800564d   Thumb Code    26  stm32f10x_flash.o(.text)
    FLASH_GetFlagStatus                      0x08005667   Thumb Code    42  stm32f10x_flash.o(.text)
    FLASH_ClearFlag                          0x08005691   Thumb Code     6  stm32f10x_flash.o(.text)
    FLASH_GetStatus                          0x08005697   Thumb Code    48  stm32f10x_flash.o(.text)
    RCC_DeInit                               0x080056d9   Thumb Code    64  stm32f10x_rcc.o(.text)
    RCC_HSEConfig                            0x08005719   Thumb Code    70  stm32f10x_rcc.o(.text)
    RCC_GetFlagStatus                        0x0800575f   Thumb Code    56  stm32f10x_rcc.o(.text)
    RCC_WaitForHSEStartUp                    0x08005797   Thumb Code    56  stm32f10x_rcc.o(.text)
    RCC_AdjustHSICalibrationValue            0x080057cf   Thumb Code    20  stm32f10x_rcc.o(.text)
    RCC_HSICmd                               0x080057e3   Thumb Code     6  stm32f10x_rcc.o(.text)
    RCC_PLLConfig                            0x080057e9   Thumb Code    24  stm32f10x_rcc.o(.text)
    RCC_PLLCmd                               0x08005801   Thumb Code     6  stm32f10x_rcc.o(.text)
    RCC_SYSCLKConfig                         0x08005807   Thumb Code    18  stm32f10x_rcc.o(.text)
    RCC_GetSYSCLKSource                      0x08005819   Thumb Code    10  stm32f10x_rcc.o(.text)
    RCC_HCLKConfig                           0x08005823   Thumb Code    18  stm32f10x_rcc.o(.text)
    RCC_PCLK1Config                          0x08005835   Thumb Code    18  stm32f10x_rcc.o(.text)
    RCC_PCLK2Config                          0x08005847   Thumb Code    20  stm32f10x_rcc.o(.text)
    RCC_ITConfig                             0x0800585b   Thumb Code    26  stm32f10x_rcc.o(.text)
    RCC_USBCLKConfig                         0x08005875   Thumb Code     8  stm32f10x_rcc.o(.text)
    RCC_ADCCLKConfig                         0x0800587d   Thumb Code    18  stm32f10x_rcc.o(.text)
    RCC_LSEConfig                            0x0800588f   Thumb Code    50  stm32f10x_rcc.o(.text)
    RCC_LSICmd                               0x080058c1   Thumb Code     6  stm32f10x_rcc.o(.text)
    RCC_RTCCLKConfig                         0x080058c7   Thumb Code    12  stm32f10x_rcc.o(.text)
    RCC_RTCCLKCmd                            0x080058d3   Thumb Code     8  stm32f10x_rcc.o(.text)
    RCC_GetClocksFreq                        0x080058db   Thumb Code   192  stm32f10x_rcc.o(.text)
    RCC_AHBPeriphClockCmd                    0x0800599b   Thumb Code    26  stm32f10x_rcc.o(.text)
    RCC_APB2PeriphClockCmd                   0x080059b5   Thumb Code    26  stm32f10x_rcc.o(.text)
    RCC_APB1PeriphClockCmd                   0x080059cf   Thumb Code    26  stm32f10x_rcc.o(.text)
    RCC_APB2PeriphResetCmd                   0x080059e9   Thumb Code    26  stm32f10x_rcc.o(.text)
    RCC_APB1PeriphResetCmd                   0x08005a03   Thumb Code    26  stm32f10x_rcc.o(.text)
    RCC_BackupResetCmd                       0x08005a1d   Thumb Code     8  stm32f10x_rcc.o(.text)
    RCC_ClockSecuritySystemCmd               0x08005a25   Thumb Code     6  stm32f10x_rcc.o(.text)
    RCC_MCOConfig                            0x08005a2b   Thumb Code     6  stm32f10x_rcc.o(.text)
    RCC_ClearFlag                            0x08005a31   Thumb Code    14  stm32f10x_rcc.o(.text)
    RCC_GetITStatus                          0x08005a3f   Thumb Code    20  stm32f10x_rcc.o(.text)
    RCC_ClearITPendingBit                    0x08005a53   Thumb Code     6  stm32f10x_rcc.o(.text)
    fifo_write_ch                            0x08006521   Thumb Code    44  mavlink_usart_fifo.o(.text)
    serial_write_buf                         0x0800654d   Thumb Code    52  mavlink_usart_fifo.o(.text)
    fifo_init                                0x080068ed   Thumb Code    34  mavlink_usart_fifo.o(.text)
    mavlink_init                             0x0800690f   Thumb Code    24  mavlink_usart_fifo.o(.text)
    fifo_read_ch                             0x08006927   Thumb Code    44  mavlink_usart_fifo.o(.text)
    fifo_free                                0x08006953   Thumb Code    34  mavlink_usart_fifo.o(.text)
    fifo_used                                0x08006975   Thumb Code    34  mavlink_usart_fifo.o(.text)
    serial_read_ch                           0x08006997   Thumb Code    16  mavlink_usart_fifo.o(.text)
    serial_free                              0x080069a7   Thumb Code    10  mavlink_usart_fifo.o(.text)
    serial_available                         0x080069b1   Thumb Code    10  mavlink_usart_fifo.o(.text)
    USART2_IRQHandler                        0x080069bb   Thumb Code    98  mavlink_usart_fifo.o(.text)
    USB_Init                                 0x08006a31   Thumb Code    42  usb_hw.o(.text)
    USB_Reset                                0x08006a5b   Thumb Code    98  usb_hw.o(.text)
    EP_Reset                                 0x08006abd   Thumb Code    58  usb_hw.o(.text)
    USB_Connect                              0x08006af7   Thumb Code    78  usb_hw.o(.text)
    USB_ConfigEP                             0x08006b45   Thumb Code   172  usb_hw.o(.text)
    EP_Status                                0x08006bf1   Thumb Code    70  usb_hw.o(.text)
    USB_ResetEP                              0x08006c37   Thumb Code    12  usb_hw.o(.text)
    USB_SetStallEP                           0x08006c43   Thumb Code    16  usb_hw.o(.text)
    USB_EnableEP                             0x08006c53   Thumb Code    16  usb_hw.o(.text)
    USB_DisableEP                            0x08006c63   Thumb Code    14  usb_hw.o(.text)
    USB_ClrStallEP                           0x08006c71   Thumb Code    16  usb_hw.o(.text)
    USB_SetAddress                           0x08006c81   Thumb Code    12  usb_hw.o(.text)
    USB_ReadEP                               0x08006c8d   Thumb Code    88  usb_hw.o(.text)
    USB_WriteEP                              0x08006ce5   Thumb Code    82  usb_hw.o(.text)
    USB_Suspend                              0x08006d37   Thumb Code    28  usb_hw.o(.text)
    USB_WakeUp                               0x08006d53   Thumb Code    30  usb_hw.o(.text)
    USB_LP_CAN1_RX0_IRQHandler               0x08006d71   Thumb Code   258  usb_hw.o(.text)
    USB_ResetCore                            0x08006e79   Thumb Code    30  usbcore.o(.text)
    USB_SetupStage                           0x08006e97   Thumb Code    14  usbcore.o(.text)
    USB_StatusInStage                        0x08006ea5   Thumb Code    14  usbcore.o(.text)
    USB_StatusOutStage                       0x08006eb3   Thumb Code    14  usbcore.o(.text)
    USB_DataInStage                          0x08006ec1   Thumb Code    52  usbcore.o(.text)
    USB_DataOutStage                         0x08006ef5   Thumb Code    36  usbcore.o(.text)
    USB_EndPoint0                            0x08007581   Thumb Code   556  usbcore.o(.text)
    USB_EndPoint1                            0x08007945   Thumb Code    26  usbuser.o(.text)
    __aeabi_memcpy                           0x0800795f   Thumb Code    36  memcpya.o(.text)
    __aeabi_memcpy4                          0x0800795f   Thumb Code     0  memcpya.o(.text)
    __aeabi_memcpy8                          0x0800795f   Thumb Code     0  memcpya.o(.text)
    strcpy                                   0x08007983   Thumb Code    18  strcpy.o(.text)
    __aeabi_fadd                             0x08007995   Thumb Code   164  fadd.o(.text)
    __aeabi_fsub                             0x08007a39   Thumb Code     6  fadd.o(.text)
    __aeabi_frsub                            0x08007a3f   Thumb Code     6  fadd.o(.text)
    __aeabi_fmul                             0x08007a45   Thumb Code   100  fmul.o(.text)
    __aeabi_fdiv                             0x08007aa9   Thumb Code   124  fdiv.o(.text)
    __aeabi_dadd                             0x08007b25   Thumb Code   322  dadd.o(.text)
    __aeabi_dsub                             0x08007c67   Thumb Code     6  dadd.o(.text)
    __aeabi_drsub                            0x08007c6d   Thumb Code     6  dadd.o(.text)
    __aeabi_dmul                             0x08007c73   Thumb Code   228  dmul.o(.text)
    __aeabi_ddiv                             0x08007d57   Thumb Code   222  ddiv.o(.text)
    __aeabi_i2d                              0x08007e35   Thumb Code    34  dflti.o(.text)
    __aeabi_ui2d                             0x08007e57   Thumb Code    26  dfltui.o(.text)
    __aeabi_f2uiz                            0x08007e71   Thumb Code    40  ffixui.o(.text)
    __aeabi_d2iz                             0x08007e99   Thumb Code    62  dfixi.o(.text)
    __aeabi_d2uiz                            0x08007ed7   Thumb Code    50  dfixui.o(.text)
    __aeabi_f2d                              0x08007f09   Thumb Code    38  f2d.o(.text)
    __aeabi_d2f                              0x08007f2f   Thumb Code    56  d2f.o(.text)
    __aeabi_cfcmpeq                          0x08007f69   Thumb Code     0  cfcmple.o(.text)
    __aeabi_cfcmple                          0x08007f69   Thumb Code    20  cfcmple.o(.text)
    __aeabi_cfrcmple                         0x08007f7d   Thumb Code    20  cfrcmple.o(.text)
    __aeabi_uldivmod                         0x08007f91   Thumb Code    98  uldiv.o(.text)
    __aeabi_llsl                             0x08007ff3   Thumb Code    30  llshl.o(.text)
    _ll_shift_l                              0x08007ff3   Thumb Code     0  llshl.o(.text)
    __aeabi_llsr                             0x08008011   Thumb Code    32  llushr.o(.text)
    _ll_ushift_r                             0x08008011   Thumb Code     0  llushr.o(.text)
    __aeabi_lasr                             0x08008031   Thumb Code    36  llsshr.o(.text)
    _ll_sshift_r                             0x08008031   Thumb Code     0  llsshr.o(.text)
    __I$use$fp                               0x08008055   Thumb Code     0  iusefp.o(.text)
    _float_round                             0x08008055   Thumb Code    18  fepilogue.o(.text)
    _float_epilogue                          0x08008067   Thumb Code    92  fepilogue.o(.text)
    _fsqrt                                   0x080080c3   Thumb Code    94  fsqrt.o(.text)
    _double_round                            0x08008121   Thumb Code    30  depilogue.o(.text)
    _double_epilogue                         0x0800813f   Thumb Code   156  depilogue.o(.text)
    __ARM_scalbn                             0x080081db   Thumb Code    46  dscalb.o(.text)
    scalbn                                   0x080081db   Thumb Code     0  dscalb.o(.text)
    __scatterload                            0x08008209   Thumb Code    28  init.o(.text)
    __scatterload_rt2                        0x08008209   Thumb Code     0  init.o(.text)
    __ARM_scalbnf                            0x0800822d   Thumb Code    24  fscalb.o(.text)
    scalbnf                                  0x0800822d   Thumb Code     0  fscalb.o(.text)
    _dsqrt                                   0x08008245   Thumb Code   162  dsqrt.o(.text)
    __decompress                             0x080082e7   Thumb Code     0  __dczerorl2.o(.text)
    __decompress1                            0x080082e7   Thumb Code    86  __dczerorl2.o(.text)
    __0printf$5                              0x0800833d   Thumb Code    22  printf5.o(i.__0printf$5)
    __1printf$5                              0x0800833d   Thumb Code     0  printf5.o(i.__0printf$5)
    __2printf                                0x0800833d   Thumb Code     0  printf5.o(i.__0printf$5)
    __ARM_fpclassify                         0x0800835d   Thumb Code    40  fpclassify.o(i.__ARM_fpclassify)
    __ARM_fpclassifyf                        0x08008385   Thumb Code    38  fpclassifyf.o(i.__ARM_fpclassifyf)
    __ieee754_rem_pio2                       0x080083ad   Thumb Code   828  rred.o(i.__ieee754_rem_pio2)
    __kernel_cos                             0x08008735   Thumb Code   230  cos_i.o(i.__kernel_cos)
    __kernel_poly                            0x08008831   Thumb Code   170  poly.o(i.__kernel_poly)
    __kernel_sin                             0x080088dd   Thumb Code   224  sin_i.o(i.__kernel_sin)
    __mathlib_dbl_infnan                     0x080089c9   Thumb Code     6  dunder.o(i.__mathlib_dbl_infnan)
    __mathlib_dbl_invalid                    0x080089cf   Thumb Code    12  dunder.o(i.__mathlib_dbl_invalid)
    __mathlib_dbl_underflow                  0x080089dd   Thumb Code    10  dunder.o(i.__mathlib_dbl_underflow)
    __mathlib_flt_infnan2                    0x080089ed   Thumb Code     4  funder.o(i.__mathlib_flt_infnan2)
    __mathlib_flt_underflow                  0x080089f1   Thumb Code    10  funder.o(i.__mathlib_flt_underflow)
    __scatterload_copy                       0x080089fb   Thumb Code    14  handlers.o(i.__scatterload_copy)
    __scatterload_null                       0x08008a09   Thumb Code     2  handlers.o(i.__scatterload_null)
    __scatterload_zeroinit                   0x08008a0b   Thumb Code    14  handlers.o(i.__scatterload_zeroinit)
    __set_errno                              0x08008a19   Thumb Code     6  errno.o(i.__set_errno)
    asin                                     0x08008ce5   Thumb Code   572  asin.o(i.asin)
    atan2f                                   0x08008f55   Thumb Code   528  atan2f.o(i.atan2f)
    cos                                      0x080091b1   Thumb Code   148  cos.o(i.cos)
    sin                                      0x0800924d   Thumb Code   150  sin.o(i.sin)
    sqrt                                     0x080092ed   Thumb Code    76  sqrt.o(i.sqrt)
    sqrtf                                    0x08009339   Thumb Code    44  sqrtf.o(i.sqrtf)
    crc8tab                                  0x08009364   Data         256  crsf.o(.constdata)
    crsf_id                                  0x08009464   Data          15  crsf.o(.constdata)
    ascii_1206                               0x08009473   Data        1140  lcd.o(.constdata)
    ascii_1608                               0x080098e7   Data        1520  lcd.o(.constdata)
    ascii_2412                               0x08009ed7   Data        4560  lcd.o(.constdata)
    ascii_3216                               0x0800b0a7   Data        6080  lcd.o(.constdata)
    tfont12                                  0x0800c867   Data        4030  lcd.o(.constdata)
    tfont16                                  0x0800d825   Data         680  lcd.o(.constdata)
    tfont24                                  0x0800dacd   Data           3  lcd.o(.constdata)
    tfont32                                  0x0800dad0   Data           3  lcd.o(.constdata)
    adc_map                                  0x0800dad3   Data           6  input.o(.constdata)
    beep_freq_map                            0x0800dada   Data          42  pwm.o(.constdata)
    USB_DeviceDescriptor                     0x0800dc04   Data          18  usbdesc.o(.constdata)
    HID_ReportDescriptor                     0x0800dc16   Data         173  usbdesc.o(.constdata)
    HID_ReportDescriptor_222222              0x0800dcc3   Data          95  usbdesc.o(.constdata)
    HID_ReportDescSize                       0x0800dd22   Data           2  usbdesc.o(.constdata)
    USB_ConfigDescriptor                     0x0800dd24   Data          35  usbdesc.o(.constdata)
    USB_StringDescriptor                     0x0800dd47   Data         100  usbdesc.o(.constdata)
    USB_P_EP                                 0x0800ddac   Data          64  usbuser.o(.constdata)
    Region$$Table$$Base                      0x0800df60   Number         0  anon$$obj.o(Region$$Table)
    Region$$Table$$Limit                     0x0800df80   Number         0  anon$$obj.o(Region$$Table)
    ui_1hz                                   0x20000000   Data           1  main.o(.data)
    ui_10hz                                  0x20000001   Data           1  main.o(.data)
    ui_20hz                                  0x20000002   Data           1  main.o(.data)
    ui_100hz                                 0x20000003   Data           1  main.o(.data)
    tsk_1hz                                  0x20000004   Data           1  main.o(.data)
    tsk_10hz                                 0x20000005   Data           1  main.o(.data)
    tsk_20hz                                 0x20000006   Data           1  main.o(.data)
    tsk_100hz                                0x20000007   Data           1  main.o(.data)
    time3                                    0x20000008   Data           1  main.o(.data)
    time1                                    0x20000009   Data           1  main.o(.data)
    second                                   0x2000000c   Data           4  main.o(.data)
    battery                                  0x20000010   Data           2  main.o(.data)
    time_10ms                                0x20000014   Data           4  main.o(.data)
    time_use1                                0x20000018   Data           1  main.o(.data)
    time_10ms2                               0x2000001c   Data           4  main.o(.data)
    time_use2                                0x20000020   Data           1  main.o(.data)
    time_10ms3                               0x20000024   Data           4  main.o(.data)
    time_use3                                0x20000028   Data           1  main.o(.data)
    time_100ms                               0x2000002c   Data           4  main.o(.data)
    ppm_connected                            0x20000030   Data           1  main.o(.data)
    sbus_connected                           0x20000031   Data           1  main.o(.data)
    crsf_connected                           0x20000032   Data           1  main.o(.data)
    elrs_connected                           0x20000033   Data           1  main.o(.data)
    elrs_back_connected                      0x20000034   Data           1  main.o(.data)
    led_time                                 0x20000035   Data           1  main.o(.data)
    led_time0                                0x20000036   Data           1  main.o(.data)
    led_enable                               0x20000037   Data           1  main.o(.data)
    adc_enable                               0x20000038   Data           1  main.o(.data)
    input_type                               0x20000039   Data           1  main.o(.data)
    beep_flag                                0x2000003a   Data           1  main.o(.data)
    usb_flag                                 0x2000003b   Data           1  main.o(.data)
    out_mode_temp                            0x2000003c   Data           1  main.o(.data)
    beep_enable                              0x2000003d   Data           1  main.o(.data)
    bat_vol                                  0x2000003e   Data           2  main.o(.data)
    UP                                       0x20000040   Data           1  main.o(.data)
    DOWN                                     0x20000041   Data           1  main.o(.data)
    LEFT                                     0x20000042   Data           1  main.o(.data)
    RIGHT                                    0x20000043   Data           1  main.o(.data)
    ESC                                      0x20000044   Data           1  main.o(.data)
    OK                                       0x20000045   Data           1  main.o(.data)
    ESC_release                              0x20000046   Data           1  main.o(.data)
    OK_release                               0x20000047   Data           1  main.o(.data)
    fps                                      0x20000048   Data           1  main.o(.data)
    fps_temp                                 0x20000049   Data           1  main.o(.data)
    first_splash                             0x2000004a   Data           1  main.o(.data)
    ui_flag                                  0x2000004b   Data           4  main.o(.data)
    ui_current                               0x2000004f   Data           1  main.o(.data)
    ui_menu_edit                             0x20000050   Data           1  main.o(.data)
    ui_menu_flag                             0x20000051   Data           1  main.o(.data)
    ui_select_flag                           0x20000052   Data           1  main.o(.data)
    theme                                    0x20000053   Data           1  main.o(.data)
    save_flag                                0x20000054   Data           1  main.o(.data)
    save_time                                0x20000055   Data           1  main.o(.data)
    bkg_type                                 0x20000056   Data           1  main.o(.data)
    lcd_dir                                  0x20000057   Data           1  main.o(.data)
    lcd_mirror                               0x20000058   Data           1  main.o(.data)
    mavlink_buad                             0x2000005a   Data           2  main.o(.data)
    out_mode                                 0x2000005c   Data           1  main.o(.data)
    ch_map                                   0x2000005d   Data          16  main.o(.data)
    ch_min                                   0x2000006e   Data          32  main.o(.data)
    ch_max                                   0x2000008e   Data          32  main.o(.data)
    CH_input                                 0x200000ae   Data          32  main.o(.data)
    CH_out                                   0x200000ce   Data          32  main.o(.data)
    output_map                               0x200000ee   Data          16  main.o(.data)
    output_max                               0x200000fe   Data          16  main.o(.data)
    output_min                               0x2000010e   Data          16  main.o(.data)
    tele_flag                                0x2000011e   Data           1  main.o(.data)
    hud_roll                                 0x20000120   Data           2  main.o(.data)
    hud_pitch                                0x20000122   Data           2  main.o(.data)
    hud_yaw                                  0x20000124   Data           2  main.o(.data)
    hud_alt                                  0x20000126   Data           2  main.o(.data)
    hud_groundspeed                          0x20000128   Data           2  main.o(.data)
    hud_airspeed                             0x2000012a   Data           2  main.o(.data)
    hud_gps                                  0x2000012c   Data           1  main.o(.data)
    hud_bat                                  0x2000012e   Data           2  main.o(.data)
    hud_cur                                  0x20000130   Data           2  main.o(.data)
    hud_signal                               0x20000132   Data           1  main.o(.data)
    hud_lantitude                            0x20000134   Data           4  main.o(.data)
    hud_longitude                            0x20000138   Data           4  main.o(.data)
    hud_data_type                            0x2000013c   Data           1  main.o(.data)
    gyro_connected                           0x2000013d   Data           1  main.o(.data)
    tx_signal                                0x2000013e   Data           1  main.o(.data)
    rx_signal                                0x2000013f   Data           1  main.o(.data)
    mavlink_flag                             0x20000140   Data           1  main.o(.data)
    mavlink_connected                        0x20000141   Data           1  main.o(.data)
    Ax                                       0x20000142   Data           2  main.o(.data)
    Ay                                       0x20000144   Data           2  main.o(.data)
    Az                                       0x20000146   Data           2  main.o(.data)
    mavlink_enable                           0x20000148   Data           1  main.o(.data)
    ips_type                                 0x20000149   Data           1  main.o(.data)
    sbus_sta                                 0x2000014a   Data           1  sbus.o(.data)
    sbus_status                              0x2000014b   Data           1  sbus.o(.data)
    CRSF_package                             0x2000014c   Data          26  crsf.o(.data)
    crsf_tx                                  0x20000166   Data           1  crsf.o(.data)
    param_buf                                0x20000167   Data           8  crsf.o(.data)
    crsf_param_flag                          0x2000016f   Data           1  crsf.o(.data)
    crsf_param_buf                           0x20000170   Data           1  crsf.o(.data)
    elrs_param                               0x20000171   Data           1  crsf.o(.data)
    elrs_value                               0x20000172   Data           1  crsf.o(.data)
    crsf_pitch                               0x20000174   Data           2  crsf.o(.data)
    crsf_roll                                0x20000176   Data           2  crsf.o(.data)
    crsf_yaw                                 0x20000178   Data           2  crsf.o(.data)
    crsf_bat                                 0x2000017a   Data           2  crsf.o(.data)
    crsf_cur                                 0x2000017c   Data           2  crsf.o(.data)
    crsf_capacity                            0x2000017e   Data           2  crsf.o(.data)
    crsf_remaining                           0x20000180   Data           1  crsf.o(.data)
    crsf_flight_mode                         0x20000181   Data           1  crsf.o(.data)
    crsf_latitude                            0x20000184   Data           4  crsf.o(.data)
    crsf_longitude                           0x20000188   Data           4  crsf.o(.data)
    crsf_ground_speed                        0x2000018c   Data           2  crsf.o(.data)
    crsf_heading                             0x2000018e   Data           2  crsf.o(.data)
    crsf_altitude                            0x20000190   Data           2  crsf.o(.data)
    crsf_satellites                          0x20000192   Data           1  crsf.o(.data)
    crsf_vertical_speed                      0x20000194   Data           2  crsf.o(.data)
    crsf_baro_altitude                       0x20000196   Data           2  crsf.o(.data)
    crsf_rx_rssi_perc                        0x20000198   Data           1  crsf.o(.data)
    crsf_tx_rf_power                         0x20000199   Data           1  crsf.o(.data)
    crsf_tx_rssi_perc                        0x2000019a   Data           1  crsf.o(.data)
    crsf_rx_rf_power                         0x2000019b   Data           1  crsf.o(.data)
    crsf_tx_fps                              0x2000019c   Data           1  crsf.o(.data)
    crsf_tx_rssi                             0x2000019d   Data           1  crsf.o(.data)
    crsf_rx_rssi                             0x2000019e   Data           1  crsf.o(.data)
    crsf_tx_lq                               0x2000019f   Data           1  crsf.o(.data)
    crsf_rx_lq                               0x200001a0   Data           1  crsf.o(.data)
    elrs_rate                                0x200001a1   Data           1  crsf.o(.data)
    elrs_pwr                                 0x200001a2   Data           1  crsf.o(.data)
    crsf_update_interval                     0x200001a4   Data           4  crsf.o(.data)
    crsf_offset                              0x200001a8   Data           4  crsf.o(.data)
    USART3_RX_STA                            0x200001ac   Data           2  crsf.o(.data)
    CRSF_start                               0x200001ae   Data           1  crsf.o(.data)
    CRSF_TLM_flag                            0x200001af   Data           1  crsf.o(.data)
    crsf_len                                 0x200001b0   Data           1  crsf.o(.data)
    elrs_tlm                                 0x200001b1   Data           1  crsf.o(.data)
    message_time                             0x200001b2   Data           1  system.o(.data)
    adc_mid                                  0x200001b4   Data          16  input.o(.data)
    adc_max                                  0x200001c4   Data          16  input.o(.data)
    bat_adc                                  0x200001d4   Data           2  input.o(.data)
    bat_sum                                  0x200001d8   Data           4  input.o(.data)
    bat_n                                    0x200001dc   Data           1  input.o(.data)
    ppm_sta                                  0x200001de   Data           1  ppm.o(.data)
    ppm_status                               0x200001df   Data           1  ppm.o(.data)
    ppm_sum                                  0x200001e0   Data           2  ppm.o(.data)
    ppm_count                                0x200001e2   Data           1  ppm.o(.data)
    beep_queue_seq                           0x200001e8   Data           1  pwm.o(.data)
    beep_queue_flag                          0x200001e9   Data           1  pwm.o(.data)
    beep_freq_temp                           0x200001ea   Data           2  pwm.o(.data)
    SystemCoreClock                          0x200001ec   Data           4  system_stm32f10x.o(.data)
    AHBPrescTable                            0x200001f0   Data          16  system_stm32f10x.o(.data)
    __stdout                                 0x20000200   Data           4  usart.o(.data)
    USART_RX_STA                             0x20000204   Data           2  usart.o(.data)
    pBUF_DSCR                                0x2000021c   Data           4  usb_hw.o(.data)
    FreeBufAddr                              0x20000220   Data           2  usb_hw.o(.data)
    USB_Configuration                        0x20000227   Data           1  usbcore.o(.data)
    SetupPacket                              0x20000231   Data           8  usbcore.o(.data)
    EP0Data                                  0x2000023c   Data           8  usbcore.o(.data)
    param                                    0x20000248   Data          64  main.o(.bss)
    ch_mid                                   0x20000288   Data          32  main.o(.bss)
    ch_rev                                   0x200002a8   Data          16  main.o(.bss)
    packet                                   0x200002b8   Data          25  sbus.o(.bss)
    sbus_value                               0x200002d2   Data          32  sbus.o(.bss)
    sbus_buf                                 0x200002f2   Data          25  sbus.o(.bss)
    crsf_value                               0x2000030c   Data          32  crsf.o(.bss)
    CRSF_TLM_buf                             0x2000032c   Data          30  crsf.o(.bss)
    CRSF_ID                                  0x2000034a   Data          15  crsf.o(.bss)
    CRSF_rate                                0x20000359   Data          15  crsf.o(.bss)
    CRSF_rate_temp                           0x20000368   Data          15  crsf.o(.bss)
    sendbuf                                  0x20000377   Data          13  usb.o(.bss)
    message_str                              0x20000384   Data          32  system.o(.bss)
    gram                                     0x200003a4   Data       25600  lcd.o(.bss)
    hardware_value                           0x200067a4   Data          20  input.o(.bss)
    adc_min                                  0x200067b8   Data          16  input.o(.bss)
    hardware_input                           0x200067c8   Data          16  input.o(.bss)
    ppm_value                                0x200067d8   Data          16  ppm.o(.bss)
    beep_queue_index                         0x200067e8   Data          80  pwm.o(.bss)
    uart_rx_fifo                             0x20006838   Data          12  mavlink_usart_fifo.o(.bss)
    uart_tx_fifo                             0x20006844   Data          12  mavlink_usart_fifo.o(.bss)
    uart_tx_buf                              0x20006850   Data         200  mavlink_usart_fifo.o(.bss)
    uart_rx_buf                              0x20006918   Data         200  mavlink_usart_fifo.o(.bss)
    mavlink_system                           0x200069e0   Data           9  mavlink_usart_fifo.o(.bss)
    EP0Buf                                   0x20006e5a   Data          16  usbcore.o(.bss)
    __initial_sp                             0x20007680   Data           0  startup_stm32f10x_hd.o(STACK)



==============================================================================

Image component sizes


      Code (inc. data)   RO Data    RW Data    ZI Data      Debug   Object Name

       204         12          0          0          0        727   adc.o
      2140        316        271        102        107     210219   crsf.o
       212         18          0          4          0        967   delay.o
       128         18          0          0          0        484   gpio.o
      1368        146          6         41         52       2394   input.o
      2688         50      18016          0      25600      10748   lcd.o
       860         12          0          0          0       2128   lcd_init.o
       604         96          0        330        112     282895   main.o
         0          0          0          0          0       3632   mavlink.o
      4020         62        256          0       1570      12850   mavlink_usart_fifo.o
       220         22          0          0          0       1721   misc.o
       416         18          0          5         16       1696   ppm.o
       544         46         42          4         80       2466   pwm.o
       600         34          0          2         83       1553   sbus.o
       144         10          0          0          0        520   spi.o
        36          8        304          0       2064        756   startup_stm32f10x_hd.o
      1102         26          0          0          0      10965   stm32f10x_adc.o
      1468         34          0          0          0       8130   stm32f10x_flash.o
       860         38          0          0          0       5657   stm32f10x_gpio.o
        26          0          0          0          0       1142   stm32f10x_it.o
       932         36          0         20          0       8800   stm32f10x_rcc.o
       780         14          0          0          0       6538   stm32f10x_spi.o
      3610         88          0          0          0      22764   stm32f10x_tim.o
      1032         22          0          0          0       8380   stm32f10x_usart.o
       356          4          0          0          0       2617   stmflash.o
         0          0          0          0          0         32   sys.o
       868        214          0          1         32       2707   system.o
       480         38          0         20          0       1687   system_stm32f10x.o
       256         10          0          0          0       1252   timer.o
       188          8          0          6          0       2791   usart.o
       344         18          0          0          0       1046   usart3.o
       368         10          0          0         13       1127   usb.o
      1096         50          0          6          0       6781   usb_hw.o
      2764        952          0         32         16       4618   usbcore.o
         0          0        423          0          0       1045   usbdesc.o
        26          0         64          0          0       1235   usbuser.o

    ----------------------------------------------------------------------
     30746       2430      19420        580      29752     635070   Object Totals
         0          0         32          0          0          0   (incl. Generated)
         6          0          6          7          7          0   (incl. Padding)

    ----------------------------------------------------------------------

      Code (inc. data)   RO Data    RW Data    ZI Data      Debug   Library Member Name

       624         52         80          0          0        168   asin.o
       604         76          0          0          0        116   atan2f.o
       156          8          0          0          0        104   cos.o
       252         22         48          0          0        124   cos_i.o
        34          6          0          0          0        204   dunder.o
        40          0          0          0          0         68   fpclassify.o
        38          0          0          0          0         68   fpclassifyf.o
        14          0          0          0          0        136   funder.o
       170          0          0          0          0         96   poly.o
       904         76        200          0          0        140   rred.o
       160         10          0          0          0        108   sin.o
       236         12         40          0          0        128   sin_i.o
        76          0          0          0          0         84   sqrt.o
        44          0          0          0          0         80   sqrtf.o
        86          0          0          0          0          0   __dczerorl2.o
         0          0          0          0          0          0   entry.o
         0          0          0          0          0          0   entry10a.o
         0          0          0          0          0          0   entry11a.o
         8          4          0          0          0          0   entry2.o
         4          0          0          0          0          0   entry5.o
         0          0          0          0          0          0   entry7b.o
         0          0          0          0          0          0   entry8b.o
         8          4          0          0          0          0   entry9a.o
        12          6          0          4          0         68   errno.o
        30          0          0          0          0          0   handlers.o
        36          8          0          0          0         68   init.o
         0          0          0          0          0          0   iusefp.o
        30          0          0          0          0         68   llshl.o
        36          0          0          0          0         68   llsshr.o
        32          0          0          0          0         68   llushr.o
        36          0          0          0          0         68   memcpya.o
       736         56          0          0          0        184   printf5.o
        18          0          0          0          0         68   strcpy.o
        98          0          0          0          0         92   uldiv.o
        20          0          0          0          0         68   cfcmple.o
        20          0          0          0          0         68   cfrcmple.o
        56          0          0          0          0         88   d2f.o
       334          0          0          0          0        148   dadd.o
       222          0          0          0          0        100   ddiv.o
       186          0          0          0          0        176   depilogue.o
        62          0          0          0          0         80   dfixi.o
        50          0          0          0          0         76   dfixui.o
        34          0          0          0          0         76   dflti.o
        26          0          0          0          0         76   dfltui.o
       228          0          0          0          0         96   dmul.o
        46          0          0          0          0         80   dscalb.o
       162          0          0          0          0        100   dsqrt.o
        38          0          0          0          0         68   f2d.o
       176          0          0          0          0        140   fadd.o
       124          0          0          0          0         88   fdiv.o
       110          0          0          0          0        168   fepilogue.o
        40          0          0          0          0         68   ffixui.o
       100          0          0          0          0         76   fmul.o
        24          0          0          0          0         68   fscalb.o
        94          0          0          0          0         96   fsqrt.o

    ----------------------------------------------------------------------
      6682        340        368          4          0       4380   Library Totals
         8          0          0          0          0          0   (incl. Padding)

    ----------------------------------------------------------------------

      Code (inc. data)   RO Data    RW Data    ZI Data      Debug   Library Name

      3352        262        368          0          0       1624   m_ws.l
      1170         78          0          4          0        752   mc_w.l
      2152          0          0          0          0       2004   mf_w.l

    ----------------------------------------------------------------------
      6682        340        368          4          0       4380   Library Totals

    ----------------------------------------------------------------------

==============================================================================


      Code (inc. data)   RO Data    RW Data    ZI Data      Debug   

     37428       2770      19788        584      29752     634482   Grand Totals
     37428       2770      19788        124      29752     634482   ELF Image Totals (compressed)
     37428       2770      19788        124          0          0   ROM Totals

==============================================================================

    Total RO  Size (Code + RO Data)                57216 (  55.88kB)
    Total RW  Size (RW Data + ZI Data)             30336 (  29.63kB)
    Total ROM Size (Code + RO Data + RW Data)      57340 (  56.00kB)

==============================================================================

